Microchip MPLAB XC8 Compiler V2.32

Linker command line:

-W-3 --edf=C:\Program Files\Microchip\xc8\v2.32\pic\dat\en_msgs.txt -cn \
  -h+dist/default/production\Proyecto_correcciones.X.production.sym \
  --cmf=dist/default/production\Proyecto_correcciones.X.production.cmf -z \
  -Q18F46K40 -oC:\Users\MARIAF~1\AppData\Local\Temp\xcAs258.4 \
  --defsym=__MPLAB_BUILD=1 \
  -Mdist/default/production/Proyecto_correcciones.X.production.map -E1 \
  -ver=XC8 Compiler --acfsm=1493 -ASTACK=0220h-0E87h -pstack=STACK \
  -ACODE=00h-0FFFFh -ACONST=00h-0FFFFh -ASMALLCONST=0F00h-0FFFhx241 \
  -AMEDIUMCONST=0F00h-0FFFFh -ACOMRAM=01h-05Fh -AABS1=00h-0E87h \
  -ABIGRAM=01h-0E87h -ARAM=060h-0FFh,0100h-01FFhx13,0E00h-0E87h \
  -ABANK0=060h-0FFh -ABANK1=0100h-01FFh -ABANK2=0200h-02FFh \
  -ABANK3=0300h-03FFh -ABANK4=0400h-04FFh -ABANK5=0500h-05FFh \
  -ABANK6=0600h-06FFh -ABANK7=0700h-07FFh -ABANK8=0800h-08FFh \
  -ABANK9=0900h-09FFh -ABANK10=0A00h-0AFFh -ABANK11=0B00h-0BFFh \
  -ABANK12=0C00h-0CFFh -ABANK13=0D00h-0DFFh -ABANK14=0E00h-0E87h \
  -ASFR=0E8Dh-0EFFh,0F00h-0F5Fh,0F60h-0FFFh -ACONFIG=0300000h-030000Bh \
  -AIDLOC=0200000h-020000Fh -AEEDATA=0310000h-03103FFh -peeprom_data=EEDATA \
  -preset_vec=00h,intcode=08h,intcodelo,powerup,init -pramtop=0F00h \
  -psmallconst=SMALLCONST -pmediumconst=MEDIUMCONST -pconst=CONST \
  -AFARRAM=00h-00h \
  -prdata=COMRAM,nvrram=COMRAM,nvbit=COMRAM,rbss=COMRAM,rbit=COMRAM \
  -pfarbss=FARRAM,fardata=FARRAM,nvFARRAM=FARRAM \
  -pintsave_regs=BIGRAM,bigbss=BIGRAM,bigdata=BIGRAM -pbss=RAM \
  -pidata=CODE,irdata=CODE,ibigdata=CODE,ifardata=CODE -prparam=COMRAM \
  C:\Users\MARIAF~1\AppData\Local\Temp\xcAs258.o \
  dist/default/production\Proyecto_correcciones.X.production.o 

Object code version is 3.11

Machine type is 18F46K40



                Name                               Link     Load   Length Selector   Space Scale
C:\Users\MARIAF~1\AppData\Local\Temp\xcAs258.o
                idloc                            200000   200000       10        0       5
                config                           300000   300000        C        0       4
                init                                 70       70        4        4       0
                reset_vec                             0        0        4        0       0
dist/default/production\Proyecto_correcciones.X.production.o
                intcode                               8        8       68        4       0
                idloc                            200000   200000       10        0       5
                config                           300000   300000        C        0       4
                temp                                 54       54        1        1       1
                smallconst                          F00      F00       1E      780       0
                text46                             2F4C     2F4C       1A      78F       0
                text45                             302A     302A        2      78F       0
                text44                             2EF2     2EF2       20      78F       0
                text43                             2E6A     2E6A       26      78F       0
                text42                             2DA8     2DA8       3A      78F       0
                text41                             2ED2     2ED2       20      78F       0
                text40                             301E     301E        6      78F       0
                text39                             3028     3028        2      78F       0
                text38                             3018     3018        6      78F       0
                text37                             2FBE     2FBE       12      78F       0
                text36                             2B88     2B88       82      78F       0
                text34                             1EDA     1EDA      288      78F       0
                text33                             2724     2724       BA      78F       0
                text32                             1852     1852      37C      78F       0
                text31                             2654     2654       D0      78F       0
                text30                             1406     1406      44C      78F       0
                text29                             2DE2     2DE2       34      78F       0
                text28                             27DE     27DE       B2      78F       0
                text27                             293C     293C       9E      78F       0
                text26                             2FAC     2FAC       12      78F       0
                text25                             2E16     2E16       2E      78F       0
                text24                             300E     300E        A      78F       0
                text23                             2CF0     2CF0       62      78F       0
                text22                             3004     3004        A      78F       0
                text21                             2FFA     2FFA        A      78F       0
                text20                             2FF0     2FF0        A      78F       0
                text19                             2FE6     2FE6        A      78F       0
                text18                             2FDC     2FDC        A      78F       0
                text17                             2C0A     2C0A       76      78F       0
                text16                             3024     3024        4      78F       0
                text15                             2F96     2F96       16      78F       0
                text14                             2A74     2A74       90      78F       0
                text13                             2F30     2F30       1C      78F       0
                text12                             2EB2     2EB2       20      78F       0
                text11                             2F12     2F12       1E      78F       0
                text10                             2E90     2E90       22      78F       0
                text9                              2B04     2B04       84      78F       0
                text8                              1BCE     1BCE      30C      78F       0
                text7                              2E44     2E44       26      78F       0
                text6                              2514     2514      140      78F       0
                text5                              2890     2890       AC      78F       0
                text4                              2C80     2C80       70      78F       0
                text3                              2D52     2D52       56      78F       0
                text2                              23D2     23D2      142      78F       0
                text1                              2162     2162      270      78F       0
                text0                               F1E      F1E      4E8      78F       0
                cstackCOMRAM                          1        1       32        1       1
                cstackBANK1                         100      100       D7      100       1
                bssBANK2                            200      200       20      200       1
                dataBANK1                           1D7      1D7       18      100       1
                bssBANK1                            1EF      1EF        9      100       1
                dataBANK0                            D0       D0       18       60       1
                bssBANK0                             60       60       70       60       1
                dataCOMRAM                           40       40        C        1       1
                bssCOMRAM                            4C       4C        8        1       1
                cinit                              29DA     29DA       9A      78F       0
                nvCOMRAM                             33       33        D        1       1
                idataBANK1                         2F7E     2F7E       18      78F       0
                idataBANK0                         2F66     2F66       18      78F       0
                idataCOMRAM                        2FD0     2FD0        C      78F       0

TOTAL           Name                               Link     Load   Length     Space
        CLASS   STACK          

        CLASS   CODE           
                intcode                               8        8       68         0
                init                                 70       70        4         0
                reset_vec                             0        0        4         0
                text46                             2F4C     2F4C       1A         0
                text45                             302A     302A        2         0
                text44                             2EF2     2EF2       20         0
                text43                             2E6A     2E6A       26         0
                text42                             2DA8     2DA8       3A         0
                text41                             2ED2     2ED2       20         0
                text40                             301E     301E        6         0
                text39                             3028     3028        2         0
                text38                             3018     3018        6         0
                text37                             2FBE     2FBE       12         0
                text36                             2B88     2B88       82         0
                text34                             1EDA     1EDA      288         0
                text33                             2724     2724       BA         0
                text32                             1852     1852      37C         0
                text31                             2654     2654       D0         0
                text30                             1406     1406      44C         0
                text29                             2DE2     2DE2       34         0
                text28                             27DE     27DE       B2         0
                text27                             293C     293C       9E         0
                text26                             2FAC     2FAC       12         0
                text25                             2E16     2E16       2E         0
                text24                             300E     300E        A         0
                text23                             2CF0     2CF0       62         0
                text22                             3004     3004        A         0
                text21                             2FFA     2FFA        A         0
                text20                             2FF0     2FF0        A         0
                text19                             2FE6     2FE6        A         0
                text18                             2FDC     2FDC        A         0
                text17                             2C0A     2C0A       76         0
                text16                             3024     3024        4         0
                text15                             2F96     2F96       16         0
                text14                             2A74     2A74       90         0
                text13                             2F30     2F30       1C         0
                text12                             2EB2     2EB2       20         0
                text11                             2F12     2F12       1E         0
                text10                             2E90     2E90       22         0
                text9                              2B04     2B04       84         0
                text8                              1BCE     1BCE      30C         0
                text7                              2E44     2E44       26         0
                text6                              2514     2514      140         0
                text5                              2890     2890       AC         0
                text4                              2C80     2C80       70         0
                text3                              2D52     2D52       56         0
                text2                              23D2     23D2      142         0
                text1                              2162     2162      270         0
                text0                               F1E      F1E      4E8         0
                cinit                              29DA     29DA       9A         0
                idataBANK1                         2F7E     2F7E       18         0
                idataBANK0                         2F66     2F66       18         0
                idataCOMRAM                        2FD0     2FD0        C         0

        CLASS   CONST          

        CLASS   SMALLCONST     
                smallconst                          F00      F00       1E         0

        CLASS   MEDIUMCONST    

        CLASS   COMRAM         
                temp                                 54       54        1         1
                cstackCOMRAM                          1        1       32         1
                dataCOMRAM                           40       40        C         1
                bssCOMRAM                            4C       4C        8         1
                nvCOMRAM                             33       33        D         1

        CLASS   ABS1           

        CLASS   BIGRAM         

        CLASS   RAM            

        CLASS   BANK0          
                dataBANK0                            D0       D0       18         1
                bssBANK0                             60       60       70         1

        CLASS   BANK1          
                cstackBANK1                         100      100       D7         1
                dataBANK1                           1D7      1D7       18         1
                bssBANK1                            1EF      1EF        9         1

        CLASS   BANK2          
                bssBANK2                            200      200       20         1

        CLASS   BANK3          

        CLASS   BANK4          

        CLASS   BANK5          

        CLASS   BANK6          

        CLASS   BANK7          

        CLASS   BANK8          

        CLASS   BANK9          

        CLASS   BANK10         

        CLASS   BANK11         

        CLASS   BANK12         

        CLASS   BANK13         

        CLASS   BANK14         

        CLASS   SFR            

        CLASS   CONFIG         
                config                           300000   300000        C         4

        CLASS   IDLOC          
                idloc                            200000   200000       10         5

        CLASS   EEDATA         

        CLASS   FARRAM         



SEGMENTS        Name                           Load    Length   Top    Selector   Space  Class

                reset_vec                      000000  000004  000004         0       0  CODE    
                cstackCOMRAM                   000001  000054  000055         1       1  COMRAM  
                intcode                        000008  00006C  000074         4       0  CODE    
                bssBANK0                       000060  000088  0000E8        60       1  BANK0   
                cstackBANK1                    000100  0000F8  0001F8       100       1  BANK1   
                bssBANK2                       000200  000020  000220       200       1  BANK2   
                smallconst                     000F00  00001E  000F1E       780       0  SMALLCON
                text0                          000F1E  00210E  00302C       78F       0  CODE    


UNUSED ADDRESS RANGES

        Name                Unused          Largest block    Delta
        BANK0            0000E8-0000FF               18
        BANK1            0001F8-0001FF                8
        BANK10           000A00-000AFF              100
        BANK11           000B00-000BFF              100
        BANK12           000C00-000CFF              100
        BANK13           000D00-000DFF              100
        BANK14           000E00-000E87               88
        BANK2            000220-0002FF               E0
        BANK3            000300-0003FF              100
        BANK4            000400-0004FF              100
        BANK5            000500-0005FF              100
        BANK6            000600-0006FF              100
        BANK7            000700-0007FF              100
        BANK8            000800-0008FF              100
        BANK9            000900-0009FF              100
        BIGRAM           000055-00005F                B
                         0000E8-0000FF               18
                         0001F8-0001FF                8
                         000220-000E87              C68
        CODE             000004-000007                4
                         000074-000EFF              E8C
                         00302C-00FFFF             CFD4
        COMRAM           000055-00005F                B
        CONST            000004-000007                4
                         000074-000EFF              E8C
                         00302C-00FFFF             CFD4
        EEDATA           310000-3103FF              400
        MEDIUMCONST      00302C-00FFFF             CFD4
        RAM              0000E8-0000FF               18
                         0001F8-0001FF                8
                         000220-000E87              100
        SFR              000E8D-000FFF               73
        SMALLCONST       00302C-00FFFF              100
        STACK            000220-000E87              C68

                                  Symbol Table

?___almod                                       cstackCOMRAM 000007
?___awdiv                                       cstackCOMRAM 000007
?___awmod                                       cstackCOMRAM 000007
?___fladd                                       cstackCOMRAM 00001B
?___fldiv                                       cstackCOMRAM 000007
?___fltol                                       cstackCOMRAM 000020
?___lmul                                        cstackCOMRAM 000011
?___wmul                                        cstackCOMRAM 000007
?___xxtofl                                      cstackCOMRAM 00000D
?_filtrarFIR1                                   cstackCOMRAM 00001D
ADCC_SetADIInterruptHandler@InterruptHandler    cstackCOMRAM 000007
ConfigCont@Dato                                 cstackCOMRAM 00002A
ConfigCont@Post                                 cstackCOMRAM 00002E
ConfigCont@contador                             cstackCOMRAM 00002F
ConfigPostcaler@Post                            cstackCOMRAM 000017
ConfigPostcaler@n                               cstackCOMRAM 000013
EUSART1_Read@readValue                          cstackCOMRAM 000001
EUSART1_SetErrorHandler@interruptHandler        cstackCOMRAM 000007
EUSART1_SetFramingErrorHandler@interruptHandler cstackCOMRAM 000007
EUSART1_SetOverrunErrorHandler@interruptHandler cstackCOMRAM 000007
EUSART1_SetRxInterruptHandler@interruptHandler  cstackCOMRAM 000007
EUSART1_SetTxInterruptHandler@interruptHandler  cstackCOMRAM 000007
EUSART1_Write@txData                            cstackCOMRAM 000007
Re_Vector@BandDato                              cstackCOMRAM 00000A
Re_Vector@dsp                                   cstackCOMRAM 000007
SPI1_ExchangeByte@data                          cstackCOMRAM 000007
SPI1_Open@spi1UniqueConfiguration               cstackCOMRAM 00000A
SPI1_WriteBlock@block                           cstackCOMRAM 000008
SPI1_WriteBlock@blockSize                       cstackCOMRAM 00000A
SPI1_WriteBlock@data                            cstackCOMRAM 00000C
_ADACQ                                          (abs)        000F5C
_ADACT                                          (abs)        000F56
_ADCAP                                          (abs)        000F5D
_ADCC_ADI_InterruptHandler                      nvCOMRAM     000033
_ADCC_DefaultInterruptHandler                   text45       00302A
_ADCC_ISR                                       text44       002EF2
_ADCC_Initialize                                text23       002CF0
_ADCC_SetADIInterruptHandler                    text24       00300E
_ADCLK                                          (abs)        000F57
_ADCON0                                         (abs)        000F60
_ADCON1                                         (abs)        000F59
_ADCON2                                         (abs)        000F5A
_ADCON3                                         (abs)        000F5B
_ADC_Tx_Vect                                    bssBANK1     0001EF
_ADC_flag                                       bssBANK1     0001F7
_ADLTHH                                         (abs)        000F6B
_ADLTHL                                         (abs)        000F6A
_ADPCH                                          (abs)        000F5F
_ADPRE                                          (abs)        000F5E
_ADREF                                          (abs)        000F58
_ADRESH                                         (abs)        000F64
_ADRESL                                         (abs)        000F63
_ADRPT                                          (abs)        000F66
_ADSTAT                                         (abs)        000F65
_ADSTPTH                                        (abs)        000F69
_ADSTPTL                                        (abs)        000F68
_ADUTHH                                         (abs)        000F6D
_ADUTHL                                         (abs)        000F6C
_ANSELA                                         (abs)        000F11
_ANSELB                                         (abs)        000F19
_ANSELC                                         (abs)        000F21
_ANSELD                                         (abs)        000F26
_ANSELE                                         (abs)        000F2E
_B                                              smallconst   000F05
_BAUD1CON                                       (abs)        000F9F
_ConfigCont                                     text32       001852
_ConfigPostcaler                                text30       001406
_EUSART1_DefaultErrorHandler                    text40       00301E
_EUSART1_DefaultFramingErrorHandler             text39       003028
_EUSART1_DefaultOverrunErrorHandler             text38       003018
_EUSART1_ErrorHandler                           nvCOMRAM     000035
_EUSART1_FramingErrorHandler                    nvCOMRAM     000039
_EUSART1_Initialize                             text17       002C0A
_EUSART1_OverrunErrorHandler                    nvCOMRAM     000037
_EUSART1_Read                                   text42       002DA8
_EUSART1_Receive_ISR                            text36       002B88
_EUSART1_RxDataHandler                          text41       002ED2
_EUSART1_RxDefaultInterruptHandler              nvCOMRAM     00003B
_EUSART1_SetErrorHandler                        text22       003004
_EUSART1_SetFramingErrorHandler                 text21       002FFA
_EUSART1_SetOverrunErrorHandler                 text20       002FF0
_EUSART1_SetRxInterruptHandler                  text19       002FE6
_EUSART1_SetTxInterruptHandler                  text18       002FDC
_EUSART1_Transmit_ISR                           text43       002E6A
_EUSART1_TxDefaultInterruptHandler              nvCOMRAM     00003D
_EUSART1_Write                                  text29       002DE2
_INLVLA                                         (abs)        000F0D
_INLVLB                                         (abs)        000F15
_INLVLC                                         (abs)        000F1D
_INLVLD                                         (abs)        000F22
_INLVLE                                         (abs)        000F2A
_INTCONbits                                     (abs)        000FF2
_INTERRUPT_Initialize                           text16       003024
_INTERRUPT_InterruptManager                     intcode      000008
_Interrupcion_ADC                               text46       002F4C
_Interrupcion_Rx_Serial                         text37       002FBE
_LATA                                           (abs)        000F83
_LATB                                           (abs)        000F84
_LATBbits                                       (abs)        000F84
_LATC                                           (abs)        000F85
_LATD                                           (abs)        000F86
_LATE                                           (abs)        000F87
_LATEbits                                       (abs)        000F87
_Lectura_Rx                                     bssBANK1     0001F5
_ODCONA                                         (abs)        000F0F
_ODCONB                                         (abs)        000F17
_ODCONC                                         (abs)        000F1F
_ODCOND                                         (abs)        000F24
_ODCONE                                         (abs)        000F2C
_OSCCON1                                        (abs)        000ED8
_OSCCON3                                        (abs)        000EDA
_OSCEN                                          (abs)        000EDC
_OSCFRQ                                         (abs)        000EDE
_OSCILLATOR_Initialize                          text15       002F96
_OSCTUNE                                        (abs)        000EDD
_PIE1bits                                       (abs)        000EC3
_PIE3bits                                       (abs)        000EC5
_PIN_MANAGER_Initialize                         text14       002A74
_PIR1bits                                       (abs)        000ECB
_PIR3bits                                       (abs)        000ECD
_PIR4bits                                       (abs)        000ECE
_PMD0                                           (abs)        000EE1
_PMD1                                           (abs)        000EE2
_PMD2                                           (abs)        000EE3
_PMD3                                           (abs)        000EE4
_PMD4                                           (abs)        000EE5
_PMD5                                           (abs)        000EE6
_PMD_Initialize                                 text13       002F30
_RC1REG                                         (abs)        000F99
_RC1STA                                         (abs)        000F9D
_RC1STAbits                                     (abs)        000F9D
_RC3PPS                                         (abs)        000EFA
_RC5PPS                                         (abs)        000EFC
_RC6PPS                                         (abs)        000EFD
_RX1PPS                                         (abs)        000EB5
_Re_Vector                                      text28       0027DE
_Result_ADC                                     bssBANK1     0001F3
_SLRCONA                                        (abs)        000F0E
_SLRCONB                                        (abs)        000F16
_SLRCONC                                        (abs)        000F1E
_SLRCOND                                        (abs)        000F23
_SLRCONE                                        (abs)        000F2B
_SP1BRGH                                        (abs)        000F9C
_SP1BRGL                                        (abs)        000F9B
_SPI1_ExchangeByte                              text26       002FAC
_SPI1_Initialize                                text12       002EB2
_SPI1_Open                                      text27       00293C
_SPI1_WriteBlock                                text25       002E16
_SSP1ADD                                        (abs)        000F93
_SSP1BUF                                        (abs)        000F92
_SSP1CLKPPS                                     (abs)        000EB7
_SSP1CON1                                       (abs)        000F96
_SSP1CON1bits                                   (abs)        000F96
_SSP1CON2                                       (abs)        000F97
_SSP1DATPPS                                     (abs)        000EB8
_SSP1STAT                                       (abs)        000F95
_SYSTEM_Initialize                              text10       002E90
_Serial_Rx_flag                                 bssBANK1     0001F6
_T2CLKCON                                       (abs)        000FBF
_T2CON                                          (abs)        000FBD
_T2HLT                                          (abs)        000FBE
_T2PR                                           (abs)        000FBC
_T2RST                                          (abs)        000FC0
_T2TMR                                          (abs)        000FBB
_TMR2_Initialize                                text11       002F12
_TRISA                                          (abs)        000F88
_TRISB                                          (abs)        000F89
_TRISC                                          (abs)        000F8A
_TRISCbits                                      (abs)        000F8A
_TRISD                                          (abs)        000F8B
_TRISE                                          (abs)        000F8C
_TX1REG                                         (abs)        000F9A
_TX1STA                                         (abs)        000F9E
_WPUA                                           (abs)        000F10
_WPUB                                           (abs)        000F18
_WPUC                                           (abs)        000F20
_WPUD                                           (abs)        000F25
_WPUE                                           (abs)        000F2D
__HRAM                                          (abs)        000000
__Habs1                                         abs1         000000
__Hbank0                                        bank0        000000
__Hbank1                                        bank1        000000
__Hbank10                                       bank10       000000
__Hbank11                                       bank11       000000
__Hbank12                                       bank12       000000
__Hbank13                                       bank13       000000
__Hbank14                                       bank14       000000
__Hbank2                                        bank2        000000
__Hbank3                                        bank3        000000
__Hbank4                                        bank4        000000
__Hbank5                                        bank5        000000
__Hbank6                                        bank6        000000
__Hbank7                                        bank7        000000
__Hbank8                                        bank8        000000
__Hbank9                                        bank9        000000
__Hbigbss                                       bigbss       000000
__Hbigdata                                      bigdata      000000
__Hbigram                                       bigram       000000
__Hbss                                          bss          000000
__HbssBANK0                                     bssBANK0     000000
__HbssBANK1                                     bssBANK1     000000
__HbssBANK2                                     bssBANK2     000000
__HbssCOMRAM                                    bssCOMRAM    000000
__Hcinit                                        cinit        000000
__Hclrtext                                      clrtext      000000
__Hcomram                                       comram       000000
__Hconfig                                       config       30000C
__Hconst                                        const        000000
__HcstackBANK1                                  cstackBANK1  000000
__HcstackCOMRAM                                 cstackCOMRAM 000000
__Hdata                                         data         000000
__HdataBANK0                                    dataBANK0    000000
__HdataBANK1                                    dataBANK1    000000
__HdataCOMRAM                                   dataCOMRAM   000000
__Heeprom_data                                  eeprom_data  000000
__Hfarbss                                       farbss       000000
__Hfardata                                      fardata      000000
__Hibigdata                                     ibigdata     000000
__Hidata                                        idata        000000
__HidataBANK0                                   idataBANK0   000000
__HidataBANK1                                   idataBANK1   000000
__HidataCOMRAM                                  idataCOMRAM  000000
__Hidloc                                        idloc        200010
__Hifardata                                     ifardata     000000
__Hinit                                         init         000074
__Hintcode                                      intcode      000070
__Hintcode_body                                 intcode_body 000000
__Hintcodelo                                    intcodelo    000070
__Hintentry                                     intentry     000000
__Hintret                                       intret       000000
__Hintsave_regs                                 intsave_regs 000000
__Hirdata                                       irdata       000000
__Hmediumconst                                  mediumconst  000000
__HnvCOMRAM                                     nvCOMRAM     000000
__HnvFARRAM                                     nvFARRAM     000000
__Hnvbit                                        nvbit        000000
__Hnvrram                                       nvrram       000000
__Hparam                                        rparam       000000
__Hpowerup                                      powerup      000070
__Hram                                          ram          000000
__Hramtop                                       ramtop       000F00
__Hrbit                                         rbit         000000
__Hrbss                                         rbss         000000
__Hrdata                                        rdata        000000
__Hreset_vec                                    reset_vec    000004
__Hrparam                                       rparam       000000
__Hsfr                                          sfr          000000
__Hsmallconst                                   smallconst   000F1E
__Hspace_0                                      (abs)        00302C
__Hspace_1                                      (abs)        000220
__Hspace_2                                      (abs)        000000
__Hspace_4                                      (abs)        60000C
__Hstack                                        stack        000000
__Hstruct                                       struct       000000
__Htemp                                         temp         000055
__Htext                                         text         000000
__Htext0                                        text0        000000
__Htext1                                        text1        000000
__Htext10                                       text10       000000
__Htext11                                       text11       000000
__Htext12                                       text12       000000
__Htext13                                       text13       000000
__Htext14                                       text14       000000
__Htext15                                       text15       000000
__Htext16                                       text16       000000
__Htext17                                       text17       000000
__Htext18                                       text18       000000
__Htext19                                       text19       000000
__Htext2                                        text2        000000
__Htext20                                       text20       000000
__Htext21                                       text21       000000
__Htext22                                       text22       000000
__Htext23                                       text23       000000
__Htext24                                       text24       000000
__Htext25                                       text25       000000
__Htext26                                       text26       000000
__Htext27                                       text27       000000
__Htext28                                       text28       000000
__Htext29                                       text29       000000
__Htext3                                        text3        000000
__Htext30                                       text30       000000
__Htext31                                       text31       000000
__Htext32                                       text32       000000
__Htext33                                       text33       000000
__Htext34                                       text34       000000
__Htext36                                       text36       000000
__Htext37                                       text37       000000
__Htext38                                       text38       000000
__Htext39                                       text39       000000
__Htext4                                        text4        000000
__Htext40                                       text40       000000
__Htext41                                       text41       000000
__Htext42                                       text42       000000
__Htext43                                       text43       000000
__Htext44                                       text44       000000
__Htext45                                       text45       000000
__Htext46                                       text46       000000
__Htext47                                       text47       000000
__Htext5                                        text5        000000
__Htext6                                        text6        000000
__Htext7                                        text7        000000
__Htext8                                        text8        000000
__Htext9                                        text9        000000
__LRAM                                          (abs)        000001
__Labs1                                         abs1         000000
__Lbank0                                        bank0        000000
__Lbank1                                        bank1        000000
__Lbank10                                       bank10       000000
__Lbank11                                       bank11       000000
__Lbank12                                       bank12       000000
__Lbank13                                       bank13       000000
__Lbank14                                       bank14       000000
__Lbank2                                        bank2        000000
__Lbank3                                        bank3        000000
__Lbank4                                        bank4        000000
__Lbank5                                        bank5        000000
__Lbank6                                        bank6        000000
__Lbank7                                        bank7        000000
__Lbank8                                        bank8        000000
__Lbank9                                        bank9        000000
__Lbigbss                                       bigbss       000000
__Lbigdata                                      bigdata      000000
__Lbigram                                       bigram       000000
__Lbss                                          bss          000000
__LbssBANK0                                     bssBANK0     000000
__LbssBANK1                                     bssBANK1     000000
__LbssBANK2                                     bssBANK2     000000
__LbssCOMRAM                                    bssCOMRAM    000000
__Lcinit                                        cinit        000000
__Lclrtext                                      clrtext      000000
__Lcomram                                       comram       000000
__Lconfig                                       config       000000
__Lconst                                        const        000000
__LcstackBANK1                                  cstackBANK1  000000
__LcstackCOMRAM                                 cstackCOMRAM 000000
__Ldata                                         data         000000
__LdataBANK0                                    dataBANK0    000000
__LdataBANK1                                    dataBANK1    000000
__LdataCOMRAM                                   dataCOMRAM   000000
__Leeprom_data                                  eeprom_data  000000
__Lfarbss                                       farbss       000000
__Lfardata                                      fardata      000000
__Libigdata                                     ibigdata     000000
__Lidata                                        idata        000000
__LidataBANK0                                   idataBANK0   000000
__LidataBANK1                                   idataBANK1   000000
__LidataCOMRAM                                  idataCOMRAM  000000
__Lidloc                                        idloc        000000
__Lifardata                                     ifardata     000000
__Linit                                         init         000070
__Lintcode                                      intcode      000008
__Lintcode_body                                 intcode_body 000000
__Lintcodelo                                    intcodelo    000070
__Lintentry                                     intentry     000000
__Lintret                                       intret       000000
__Lintsave_regs                                 intsave_regs 000000
__Lirdata                                       irdata       000000
__Lmediumconst                                  mediumconst  000000
__LnvCOMRAM                                     nvCOMRAM     000000
__LnvFARRAM                                     nvFARRAM     000000
__Lnvbit                                        nvbit        000000
__Lnvrram                                       nvrram       000000
__Lparam                                        rparam       000000
__Lpowerup                                      powerup      000070
__Lram                                          ram          000000
__Lramtop                                       ramtop       000F00
__Lrbit                                         rbit         000000
__Lrbss                                         rbss         000000
__Lrdata                                        rdata        000000
__Lreset_vec                                    reset_vec    000000
__Lrparam                                       rparam       000000
__Lsfr                                          sfr          000000
__Lsmallconst                                   smallconst   000F00
__Lspace_0                                      (abs)        000000
__Lspace_1                                      (abs)        000000
__Lspace_2                                      (abs)        000000
__Lspace_4                                      (abs)        000000
__Lstack                                        stack        000000
__Lstruct                                       struct       000000
__Ltemp                                         temp         000054
__Ltext                                         text         000000
__Ltext0                                        text0        000000
__Ltext1                                        text1        000000
__Ltext10                                       text10       000000
__Ltext11                                       text11       000000
__Ltext12                                       text12       000000
__Ltext13                                       text13       000000
__Ltext14                                       text14       000000
__Ltext15                                       text15       000000
__Ltext16                                       text16       000000
__Ltext17                                       text17       000000
__Ltext18                                       text18       000000
__Ltext19                                       text19       000000
__Ltext2                                        text2        000000
__Ltext20                                       text20       000000
__Ltext21                                       text21       000000
__Ltext22                                       text22       000000
__Ltext23                                       text23       000000
__Ltext24                                       text24       000000
__Ltext25                                       text25       000000
__Ltext26                                       text26       000000
__Ltext27                                       text27       000000
__Ltext28                                       text28       000000
__Ltext29                                       text29       000000
__Ltext3                                        text3        000000
__Ltext30                                       text30       000000
__Ltext31                                       text31       000000
__Ltext32                                       text32       000000
__Ltext33                                       text33       000000
__Ltext34                                       text34       000000
__Ltext36                                       text36       000000
__Ltext37                                       text37       000000
__Ltext38                                       text38       000000
__Ltext39                                       text39       000000
__Ltext4                                        text4        000000
__Ltext40                                       text40       000000
__Ltext41                                       text41       000000
__Ltext42                                       text42       000000
__Ltext43                                       text43       000000
__Ltext44                                       text44       000000
__Ltext45                                       text45       000000
__Ltext46                                       text46       000000
__Ltext47                                       text47       000000
__Ltext5                                        text5        000000
__Ltext6                                        text6        000000
__Ltext7                                        text7        000000
__Ltext8                                        text8        000000
__Ltext9                                        text9        000000
__S0                                            (abs)        00302C
__S1                                            (abs)        000220
__S2                                            (abs)        000000
__S4                                            (abs)        000000
__S5                                            (abs)        000000
___almod                                        text5        002890
___almod@counter                                cstackCOMRAM 00000F
___almod@dividend                               cstackCOMRAM 000007
___almod@divisor                                cstackCOMRAM 00000B
___almod@sign                                   cstackCOMRAM 000010
___awdiv                                        text9        002B04
___awdiv@counter                                cstackCOMRAM 00000B
___awdiv@dividend                               cstackCOMRAM 000007
___awdiv@divisor                                cstackCOMRAM 000009
___awdiv@quotient                               cstackCOMRAM 00000D
___awdiv@sign                                   cstackCOMRAM 00000C
___awmod                                        text4        002C80
___awmod@counter                                cstackCOMRAM 00000B
___awmod@dividend                               cstackCOMRAM 000007
___awmod@divisor                                cstackCOMRAM 000009
___awmod@sign                                   cstackCOMRAM 00000C
___fladd                                        text8        001BCE
___fladd@a                                      cstackCOMRAM 00001F
___fladd@aexp                                   cstackCOMRAM 000028
___fladd@b                                      cstackCOMRAM 00001B
___fladd@bexp                                   cstackCOMRAM 000029
___fladd@grs                                    cstackCOMRAM 00002A
___fladd@signs                                  cstackCOMRAM 000027
___fldiv                                        text34       001EDA
___fldiv@a                                      cstackCOMRAM 00000B
___fldiv@aexp                                   cstackCOMRAM 00001F
___fldiv@b                                      cstackCOMRAM 000007
___fldiv@bexp                                   cstackCOMRAM 00001E
___fldiv@grs                                    cstackCOMRAM 00001A
___fldiv@new_exp                                cstackCOMRAM 000018
___fldiv@rem                                    cstackCOMRAM 000013
___fldiv@sign                                   cstackCOMRAM 000017
___flge                                         text31       002654
___flge@ff1                                     cstackCOMRAM 000007
___flge@ff2                                     cstackCOMRAM 00000B
___fltol                                        text33       002724
___fltol@exp1                                   cstackCOMRAM 000029
___fltol@f1                                     cstackCOMRAM 000020
___fltol@sign1                                  cstackCOMRAM 000028
___inthi_sp                                     stack        000000
___intlo_sp                                     stack        000000
___lmul                                         text3        002D52
___lmul@multiplicand                            cstackCOMRAM 000015
___lmul@multiplier                              cstackCOMRAM 000011
___lmul@product                                 cstackCOMRAM 000019
___param_bank                                   (abs)        000000
___rparam_used                                  (abs)        000001
___sp                                           stack        000000
___wmul                                         text7        002E44
___wmul@multiplicand                            cstackCOMRAM 000009
___wmul@multiplier                              cstackCOMRAM 000007
___wmul@product                                 cstackCOMRAM 00000B
___xxtofl                                       text6        002514
___xxtofl@arg                                   cstackCOMRAM 000017
___xxtofl@exp                                   cstackCOMRAM 000016
___xxtofl@sign                                  cstackCOMRAM 000015
___xxtofl@val                                   cstackCOMRAM 00000D
__accesstop                                     (abs)        000060
__activetblptr                                  (abs)        000003
__end_of_ADCC_DefaultInterruptHandler           text45       00302C
__end_of_ADCC_ISR                               text44       002F12
__end_of_ADCC_Initialize                        text23       002D52
__end_of_ADCC_SetADIInterruptHandler            text24       003018
__end_of_B                                      smallconst   000F1D
__end_of_ConfigCont                             text32       001BCE
__end_of_ConfigPostcaler                        text30       001852
__end_of_EUSART1_DefaultErrorHandler            text40       003024
__end_of_EUSART1_DefaultFramingErrorHandler     text39       00302A
__end_of_EUSART1_DefaultOverrunErrorHandler     text38       00301E
__end_of_EUSART1_Initialize                     text17       002C80
__end_of_EUSART1_Read                           text42       002DE2
__end_of_EUSART1_Receive_ISR                    text36       002C0A
__end_of_EUSART1_RxDataHandler                  text41       002EF2
__end_of_EUSART1_SetErrorHandler                text22       00300E
__end_of_EUSART1_SetFramingErrorHandler         text21       003004
__end_of_EUSART1_SetOverrunErrorHandler         text20       002FFA
__end_of_EUSART1_SetRxInterruptHandler          text19       002FF0
__end_of_EUSART1_SetTxInterruptHandler          text18       002FE6
__end_of_EUSART1_Transmit_ISR                   text43       002E90
__end_of_EUSART1_Write                          text29       002E16
__end_of_INTERRUPT_Initialize                   text16       003028
__end_of_INTERRUPT_InterruptManager             intcode      000070
__end_of_Interrupcion_ADC                       text46       002F66
__end_of_Interrupcion_Rx_Serial                 text37       002FD0
__end_of_OSCILLATOR_Initialize                  text15       002FAC
__end_of_PIN_MANAGER_Initialize                 text14       002B04
__end_of_PMD_Initialize                         text13       002F4C
__end_of_Re_Vector                              text28       002890
__end_of_SPI1_ExchangeByte                      text26       002FBE
__end_of_SPI1_Initialize                        text12       002ED2
__end_of_SPI1_Open                              text27       0029DA
__end_of_SPI1_WriteBlock                        text25       002E44
__end_of_SYSTEM_Initialize                      text10       002EB2
__end_of_TMR2_Initialize                        text11       002F30
__end_of___almod                                text5        00293C
__end_of___awdiv                                text9        002B88
__end_of___awmod                                text4        002CF0
__end_of___fladd                                text8        001EDA
__end_of___fldiv                                text34       002162
__end_of___flge                                 text31       002724
__end_of___fltol                                text33       0027DE
__end_of___lmul                                 text3        002DA8
__end_of___wmul                                 text7        002E6A
__end_of___xxtofl                               text6        002654
__end_of__initialization                        cinit        002A6A
__end_of_filtrarFIR1                            text2        002514
__end_of_inicializar_iir_2_ord                  text1        0023D2
__end_of_main                                   text0        001406
__end_of_spi1_configuration                     smallconst   000F05
__initialization                                cinit        0029DA
__mediumconst                                   mediumconst  000000
__pbssBANK0                                     bssBANK0     000060
__pbssBANK1                                     bssBANK1     0001EF
__pbssBANK2                                     bssBANK2     000200
__pbssCOMRAM                                    bssCOMRAM    00004C
__pcinit                                        cinit        0029DA
__pcstackBANK1                                  cstackBANK1  000100
__pcstackCOMRAM                                 cstackCOMRAM 000001
__pdataBANK0                                    dataBANK0    0000D0
__pdataBANK1                                    dataBANK1    0001D7
__pdataCOMRAM                                   dataCOMRAM   000040
__pidataBANK0                                   idataBANK0   002F66
__pidataBANK1                                   idataBANK1   002F7E
__pidataCOMRAM                                  idataCOMRAM  002FD0
__pintcode                                      intcode      000008
__pnvCOMRAM                                     nvCOMRAM     000033
__psmallconst                                   smallconst   000F00
__ptext0                                        text0        000F1E
__ptext1                                        text1        002162
__ptext10                                       text10       002E90
__ptext11                                       text11       002F12
__ptext12                                       text12       002EB2
__ptext13                                       text13       002F30
__ptext14                                       text14       002A74
__ptext15                                       text15       002F96
__ptext16                                       text16       003024
__ptext17                                       text17       002C0A
__ptext18                                       text18       002FDC
__ptext19                                       text19       002FE6
__ptext2                                        text2        0023D2
__ptext20                                       text20       002FF0
__ptext21                                       text21       002FFA
__ptext22                                       text22       003004
__ptext23                                       text23       002CF0
__ptext24                                       text24       00300E
__ptext25                                       text25       002E16
__ptext26                                       text26       002FAC
__ptext27                                       text27       00293C
__ptext28                                       text28       0027DE
__ptext29                                       text29       002DE2
__ptext3                                        text3        002D52
__ptext30                                       text30       001406
__ptext31                                       text31       002654
__ptext32                                       text32       001852
__ptext33                                       text33       002724
__ptext34                                       text34       001EDA
__ptext36                                       text36       002B88
__ptext37                                       text37       002FBE
__ptext38                                       text38       003018
__ptext39                                       text39       003028
__ptext4                                        text4        002C80
__ptext40                                       text40       00301E
__ptext41                                       text41       002ED2
__ptext42                                       text42       002DA8
__ptext43                                       text43       002E6A
__ptext44                                       text44       002EF2
__ptext45                                       text45       00302A
__ptext46                                       text46       002F4C
__ptext47                                       text47       000000
__ptext5                                        text5        002890
__ptext6                                        text6        002514
__ptext7                                        text7        002E44
__ptext8                                        text8        001BCE
__ptext9                                        text9        002B04
__ramtop                                        ramtop       000F00
__size_of_ADCC_DefaultInterruptHandler          (abs)        000000
__size_of_ADCC_ISR                              (abs)        000000
__size_of_ADCC_Initialize                       (abs)        000000
__size_of_ADCC_SetADIInterruptHandler           (abs)        000000
__size_of_ConfigCont                            (abs)        000000
__size_of_ConfigPostcaler                       (abs)        000000
__size_of_EUSART1_DefaultErrorHandler           (abs)        000000
__size_of_EUSART1_DefaultFramingErrorHandler    (abs)        000000
__size_of_EUSART1_DefaultOverrunErrorHandler    (abs)        000000
__size_of_EUSART1_Initialize                    (abs)        000000
__size_of_EUSART1_Read                          (abs)        000000
__size_of_EUSART1_Receive_ISR                   (abs)        000000
__size_of_EUSART1_RxDataHandler                 (abs)        000000
__size_of_EUSART1_SetErrorHandler               (abs)        000000
__size_of_EUSART1_SetFramingErrorHandler        (abs)        000000
__size_of_EUSART1_SetOverrunErrorHandler        (abs)        000000
__size_of_EUSART1_SetRxInterruptHandler         (abs)        000000
__size_of_EUSART1_SetTxInterruptHandler         (abs)        000000
__size_of_EUSART1_Transmit_ISR                  (abs)        000000
__size_of_EUSART1_Write                         (abs)        000000
__size_of_INTERRUPT_Initialize                  (abs)        000000
__size_of_INTERRUPT_InterruptManager            (abs)        000000
__size_of_Interrupcion_ADC                      (abs)        000000
__size_of_Interrupcion_Rx_Serial                (abs)        000000
__size_of_OSCILLATOR_Initialize                 (abs)        000000
__size_of_PIN_MANAGER_Initialize                (abs)        000000
__size_of_PMD_Initialize                        (abs)        000000
__size_of_Re_Vector                             (abs)        000000
__size_of_SPI1_ExchangeByte                     (abs)        000000
__size_of_SPI1_Initialize                       (abs)        000000
__size_of_SPI1_Open                             (abs)        000000
__size_of_SPI1_WriteBlock                       (abs)        000000
__size_of_SYSTEM_Initialize                     (abs)        000000
__size_of_TMR2_Initialize                       (abs)        000000
__size_of___almod                               (abs)        000000
__size_of___awdiv                               (abs)        000000
__size_of___awmod                               (abs)        000000
__size_of___fladd                               (abs)        000000
__size_of___fldiv                               (abs)        000000
__size_of___flge                                (abs)        000000
__size_of___fltol                               (abs)        000000
__size_of___lmul                                (abs)        000000
__size_of___wmul                                (abs)        000000
__size_of___xxtofl                              (abs)        000000
__size_of_filtrarFIR1                           (abs)        000000
__size_of_inicializar_iir_2_ord                 (abs)        000000
__size_of_main                                  (abs)        000000
__smallconst                                    smallconst   000F00
_eusart1RxBuffer                                bssBANK2     000200
_eusart1RxCount                                 bssCOMRAM    00004F
_eusart1RxHead                                  bssCOMRAM    000051
_eusart1RxLastError                             bssCOMRAM    00004E
_eusart1RxStatusBuffer                          bssBANK0     000060
_eusart1RxTail                                  bssCOMRAM    000050
_eusart1TxBuffer                                bssBANK0     000080
_eusart1TxBufferRemaining                       nvCOMRAM     00003F
_eusart1TxHead                                  bssCOMRAM    000053
_eusart1TxTail                                  bssCOMRAM    000052
_filtrarFIR1                                    text2        0023D2
_inicializar_iir_2_ord                          text1        002162
_k                                              bssCOMRAM    00004C
_main                                           text0        000F1E
_spi1_configuration                             smallconst   000F01
_x                                              bssBANK0     0000B8
btemp                                           temp         000054
end_of_initialization                           cinit        002A6A
filtrarFIR1@i                                   cstackCOMRAM 00002D
filtrarFIR1@in                                  cstackCOMRAM 00001D
filtrarFIR1@y                                   cstackCOMRAM 000029
inicializar_iir_2_ord@den                       cstackCOMRAM 000009
inicializar_iir_2_ord@den2                      cstackCOMRAM 00000F
inicializar_iir_2_ord@gan                       cstackCOMRAM 000013
inicializar_iir_2_ord@i                         cstackCOMRAM 00001B
inicializar_iir_2_ord@ir                        cstackCOMRAM 000015
inicializar_iir_2_ord@num                       cstackCOMRAM 000007
inicializar_iir_2_ord@num2                      cstackCOMRAM 00000D
inicializar_iir_2_ord@w                         cstackCOMRAM 00000B
inicializar_iir_2_ord@w2                        cstackCOMRAM 000011
int$flags                                       temp         000054
intlevel0                                       text         000000
intlevel1                                       text         000000
intlevel2                                       text         000000
intlevel3                                       text         000000
isa$std                                         (abs)        000001
isa$xinst                                       (abs)        000000
main@ADC_Vect                                   cstackBANK1  000164
main@AuxPost                                    cstackBANK1  00015E
main@AuxReADC                                   cstackBANK1  0001D5
main@Auxcont                                    cstackBANK1  00015F
main@Contador                                   cstackBANK1  00015C
main@DAC_IN                                     cstackBANK1  000156
main@DatoRe                                     cstackBANK1  00016F
main@F10648                                     dataBANK1    0001E3
main@F10650                                     dataBANK1    0001D7
main@F10654                                     dataCOMRAM   000040
main@F10656                                     dataBANK0    0000DC
main@F10660                                     dataBANK0    0000D0
main@Iniciar                                    cstackBANK1  00015D
main@MiVector                                   cstackBANK1  0001C8
main@Palabra_DAC                                cstackBANK1  00016C
main@Postcaler                                  cstackBANK1  00016E
main@Resta                                      cstackBANK1  000158
main@SALIDA                                     cstackBANK1  00015A
main@SalidaFIR_long                             cstackBANK1  000160
main@V_P                                        cstackBANK1  000154
main@Vector_DAC                                 cstackBANK1  000168
main@a                                          cstackBANK1  00016A
main@den                                        cstackBANK1  00010C
main@den2                                       cstackBANK1  000130
main@gan                                        cstackBANK1  000148
main@i                                          cstackBANK1  000173
main@ir                                         cstackBANK1  000174
main@num                                        cstackBANK1  000100
main@num2                                       cstackBANK1  000124
main@w                                          cstackBANK1  000118
main@w2                                         cstackBANK1  00013C
stackhi                                         (abs)        000E87
stacklo                                         (abs)        000220
start                                           init         000070
start_initialization                            cinit        0029DA
ttemp5                                          temp         000055
ttemp6                                          temp         000058
ttemp7                                          temp         00005C
wtemp8                                          temp         000055


MODULE INFORMATION

Module		Function		Class		Link	Load	Size
C:\Program Files\Microchip\xc8\v2.32\pic\sources\c99\common\awdiv.c
		___awdiv       		CODE           	2B04	0000	132

C:\Program Files\Microchip\xc8\v2.32\pic\sources\c99\common\awdiv.c estimated size: 132

C:\Program Files\Microchip\xc8\v2.32\pic\sources\c99\common\sprcadd.c
		___fladd       		CODE           	1BCE	0000	780

C:\Program Files\Microchip\xc8\v2.32\pic\sources\c99\common\sprcadd.c estimated size: 780

Config_Usart.c
		_ConfigCont    		CODE           	1852	0000	892
		_ConfigPostcaler		CODE           	1406	0000	1100
		_Re_Vector     		CODE           	27DE	0000	178

Config_Usart.c estimated size: 2170

mcc_generated_files/tmr2.c
		_TMR2_Initialize		CODE           	2F12	0000	30

mcc_generated_files/tmr2.c estimated size: 30

mcc_generated_files/interrupt_manager.c
		_INTERRUPT_Initialize		CODE           	3024	0000	4
		_INTERRUPT_InterruptManager		CODE           	0008	0000	104

mcc_generated_files/interrupt_manager.c estimated size: 108

mcc_generated_files/pin_manager.c
		_PIN_MANAGER_Initialize		CODE           	2A74	0000	144

mcc_generated_files/pin_manager.c estimated size: 144

mcc_generated_files/spi1.c
		_SPI1_WriteBlock		CODE           	2E16	0000	46
		_SPI1_Open     		CODE           	293C	0000	158
		_SPI1_Initialize		CODE           	2EB2	0000	32
		_SPI1_ExchangeByte		CODE           	2FAC	0000	18

mcc_generated_files/spi1.c estimated size: 254

funciones.c
		_filtrarFIR1   		CODE           	23D2	0000	322
		_inicializar_iir_2_ord		CODE           	2162	0000	624

funciones.c estimated size: 946

C:\Program Files\Microchip\xc8\v2.32\pic\sources\c99\common\Umul16.c
		___wmul        		CODE           	2E44	0000	38

C:\Program Files\Microchip\xc8\v2.32\pic\sources\c99\common\Umul16.c estimated size: 38

shared
		__initialization		CODE           	29DA	0000	144
		_B             		SMALLCONST     	0F05	0000	24
		_spi1_configuration		SMALLCONST     	0F01	0000	4

shared estimated size: 172

mcc_generated_files/eusart1.c
		_EUSART1_SetRxInterruptHandler		CODE           	2FE6	0000	10
		_EUSART1_SetTxInterruptHandler		CODE           	2FDC	0000	10
		_EUSART1_Initialize		CODE           	2C0A	0000	118
		_EUSART1_DefaultErrorHandler		CODE           	301E	0000	6
		_EUSART1_SetFramingErrorHandler		CODE           	2FFA	0000	10
		_EUSART1_Read  		CODE           	2DA8	0000	58
		_EUSART1_SetOverrunErrorHandler		CODE           	2FF0	0000	10
		_EUSART1_SetErrorHandler		CODE           	3004	0000	10
		_EUSART1_Write 		CODE           	2DE2	0000	52
		_EUSART1_Receive_ISR		CODE           	2B88	0000	130
		_EUSART1_RxDataHandler		CODE           	2ED2	0000	32
		_EUSART1_DefaultOverrunErrorHandler		CODE           	3018	0000	6
		_EUSART1_Transmit_ISR		CODE           	2E6A	0000	38
		_EUSART1_DefaultFramingErrorHandler		CODE           	3028	0000	2

mcc_generated_files/eusart1.c estimated size: 492

C:\Program Files\Microchip\xc8\v2.32\pic\sources\c99\common\awmod.c
		___awmod       		CODE           	2C80	0000	112

C:\Program Files\Microchip\xc8\v2.32\pic\sources\c99\common\awmod.c estimated size: 112

mcc_generated_files/mcc.c
		_PMD_Initialize		CODE           	2F30	0000	28
		_OSCILLATOR_Initialize		CODE           	2F96	0000	22
		_SYSTEM_Initialize		CODE           	2E90	0000	34

mcc_generated_files/mcc.c estimated size: 84

C:\Program Files\Microchip\xc8\v2.32\pic\sources\c99\common\sprcdiv.c
		___fldiv       		CODE           	1EDA	0000	648

C:\Program Files\Microchip\xc8\v2.32\pic\sources\c99\common\sprcdiv.c estimated size: 648

C:\Program Files\Microchip\xc8\v2.32\pic\sources\c99\common\almod.c
		___almod       		CODE           	2890	0000	172

C:\Program Files\Microchip\xc8\v2.32\pic\sources\c99\common\almod.c estimated size: 172

C:\Program Files\Microchip\xc8\v2.32\pic\sources\c99\common\Umul32.c
		___lmul        		CODE           	2D52	0000	86

C:\Program Files\Microchip\xc8\v2.32\pic\sources\c99\common\Umul32.c estimated size: 86

C:\Program Files\Microchip\xc8\v2.32\pic\sources\c99\common\fltol.c
		___fltol       		CODE           	2724	0000	186

C:\Program Files\Microchip\xc8\v2.32\pic\sources\c99\common\fltol.c estimated size: 186

C:\Program Files\Microchip\xc8\v2.32\pic\sources\c99\common\xxtofl.c
		___xxtofl      		CODE           	2514	0000	320

C:\Program Files\Microchip\xc8\v2.32\pic\sources\c99\common\xxtofl.c estimated size: 320

mcc_generated_files/adcc.c
		_ADCC_DefaultInterruptHandler		CODE           	302A	0000	2
		_ADCC_SetADIInterruptHandler		CODE           	300E	0000	10
		_ADCC_ISR      		CODE           	2EF2	0000	32
		_ADCC_Initialize		CODE           	2CF0	0000	98

mcc_generated_files/adcc.c estimated size: 142

main.c
		_Interrupcion_Rx_Serial		CODE           	2FBE	0000	18
		_main          		CODE           	0F1E	0000	1256
		_Interrupcion_ADC		CODE           	2F4C	0000	26

main.c estimated size: 1300

C:\Program Files\Microchip\xc8\v2.32\pic\sources\c99\common\flge.c
		___flge        		CODE           	2654	0000	208

C:\Program Files\Microchip\xc8\v2.32\pic\sources\c99\common\flge.c estimated size: 208

