Microchip MPLAB XC8 Compiler V2.32

Linker command line:

-W-3 --edf=C:\Program Files\Microchip\xc8\v2.32\pic\dat\en_msgs.txt -cn \
  -h+dist/default/production\Practica_1.X.production.sym \
  --cmf=dist/default/production\Practica_1.X.production.cmf -z -Q16F1827 \
  -oC:\Users\fesig\AppData\Local\Temp\xcAseao.4 --defsym=__MPLAB_BUILD=1 \
  -Mdist/default/production/Practica_1.X.production.map -E1 \
  -ver=XC8 Compiler --acfsm=1493 -ASTACK=02077h-0216Fh -pstack=STACK \
  -ACODE=00h-07FFhx2 -ASTRCODE=00h-0FFFh -ASTRING=00h-0FFhx16 \
  -ACONST=00h-0FFhx16 -AENTRY=00h-0FFhx16 -ACOMMON=070h-07Fh \
  -ABANK0=020h-06Fh -ABANK1=0A0h-0EFh -ABANK2=0120h-016Fh \
  -ABANK3=01A0h-01EFh -ABANK4=0220h-024Fh -ABIGRAM=02000h-0216Fh \
  -ARAM=020h-06Fh,0A0h-0EFh,0120h-016Fh,01A0h-01EFh,0220h-024Fh \
  -AABS1=020h-07Fh,0A0h-0EFh,0120h-016Fh,01A0h-01EFh,0220h-024Fh \
  -ASFR0=00h-01Fh -ASFR1=080h-09Fh -ASFR2=0100h-011Fh -ASFR3=0180h-019Fh \
  -ASFR4=0200h-021Fh -ASFR5=0280h-02EFh -ASFR6=0300h-036Fh \
  -ASFR7=0380h-03EFh -ASFR8=0400h-046Fh -ASFR9=0480h-04EFh \
  -ASFR10=0500h-056Fh -ASFR11=0580h-05EFh -ASFR12=0600h-066Fh \
  -ASFR13=0680h-06EFh -ASFR14=0700h-076Fh -ASFR15=0780h-07EFh \
  -ASFR16=0800h-086Fh -ASFR17=0880h-08EFh -ASFR18=0900h-096Fh \
  -ASFR19=0980h-09EFh -ASFR20=0A00h-0A6Fh -ASFR21=0A80h-0AEFh \
  -ASFR22=0B00h-0B6Fh -ASFR23=0B80h-0BEFh -ASFR24=0C00h-0C6Fh \
  -ASFR25=0C80h-0CEFh -ASFR26=0D00h-0D6Fh -ASFR27=0D80h-0DEFh \
  -ASFR28=0E00h-0E6Fh -ASFR29=0E80h-0EEFh -ASFR30=0F00h-0F6Fh \
  -ASFR31=0F80h-0FEFh -ACONFIG=08007h-08008h -DCONFIG=2 \
  -AIDLOC=08000h-08003h -DIDLOC=2 -AEEDATA=00h-0FFh/0F000h \
  -peeprom_data=EEDATA -DEEDATA=2 -DCODE=2 -DSTRCODE=2 -DSTRING=2 -DCONST=2 \
  -DENTRY=2 -preset_vec=00h,intentry=04h,init,end_init -ppowerup=CODE \
  -pcinit=CODE -pfunctab=ENTRY -k \
  C:\Users\fesig\AppData\Local\Temp\xcAseao.o \
  dist/default/production\Practica_1.X.production.o 

Object code version is 3.11

Machine type is 16F1827



                Name                               Link     Load   Length Selector   Space Scale
C:\Users\fesig\AppData\Local\Temp\xcAseao.o
                end_init                             28       28        2        8       0
                reset_vec                             0        0        2        0       0
                config                             8007     8007        2        0       4
dist/default/production\Practica_1.X.production.o
                cinit                                2A       2A       15        8       0
                intentry                              4        4       24        8       0
                config                             8007     8007        2        0       4
                text40                              EB3      EB3        6     1D66       0
                text39                              EFF      EFF        E     1DFE       0
                text38                                2        2        1        0       0
                text37                              F0D      F0D        F     1E1A       0
                text36                                3        3        1        6       0
                text35                              EAE      EAE        5     1D5C       0
                text34                              F1C      F1C        F     1E38       0
                text32                              EA5      EA5        3     1D4A       0
                text31                              FB6      FB6       24     1F6C       0
                text30                               3F       3F      257        8       0
                text29                              5D0      5D0       75        8       0
                text28                              492      492       AD        8       0
                text27                              77F      77F       3D        8       0
                text26                              742      742       3D        8       0
                text25                              7BC      7BC       34        8       0
                text24                              6A5      6A5       5E        8       0
                text23                              703      703       3F        8       0
                text22                              53F      53F       91        8       0
                text21                              FDA      FDA       26     1FB4       0
                text20                              296      296      12A        8       0
                text19                              EDF      EDF        A     1DBE       0
                text18                              F2B      F2B        F     1E56       0
                text17                              EB9      EB9        6     1D72       0
                text16                              7F0      7F0       10        8       0
                text15                              EBF      EBF        6     1D7E       0
                text14                              EC5      EC5        6     1D8A       0
                text13                              ECB      ECB        6     1D96       0
                text12                              F94      F94       22     1F28       0
                text11                              EF3      EF3        C     1DE6       0
                text10                              F60      F60       16     1EC0       0
                text9                               ED1      ED1        6     1DA2       0
                text8                               F3A      F3A       13     1E74       0
                text7                               EA8      EA8        3     1D50       0
                text6                               F4D      F4D       13     1E9A       0
                text5                               EAB      EAB        3     1D56       0
                text4                               EE9      EE9        A     1DD2       0
                text3                               ED7      ED7        8     1DAE       0
                text2                               F76      F76       1E     1EEC       0
                text1                               645      645       60        8       0
                maintext                            3C0      3C0       D2        8       0
                cstackBANK0                          20       20       36       20       1
                cstackCOMMON                         70       70        9       70       1
                cstackBANK1                          A0       A0       1B       A0       1
                bssBANK1                             BB       BB        C       A0       1
                bssBANK0                             56       56        1       20       1
                bssCOMMON                            79       79        2       70       1

TOTAL           Name                               Link     Load   Length     Space
        CLASS   STACK          

        CLASS   CODE           
                end_init                             28       28        2         0
                cinit                                2A       2A       15         0
                intentry                              4        4       24         0
                reset_vec                             0        0        2         0
                text40                              EB3      EB3        6         0
                text39                              EFF      EFF        E         0
                text38                                2        2        1         0
                text37                              F0D      F0D        F         0
                text36                                3        3        1         0
                text35                              EAE      EAE        5         0
                text34                              F1C      F1C        F         0
                text32                              EA5      EA5        3         0
                text31                              FB6      FB6       24         0
                text30                               3F       3F      257         0
                text29                              5D0      5D0       75         0
                text28                              492      492       AD         0
                text27                              77F      77F       3D         0
                text26                              742      742       3D         0
                text25                              7BC      7BC       34         0
                text24                              6A5      6A5       5E         0
                text23                              703      703       3F         0
                text22                              53F      53F       91         0
                text21                              FDA      FDA       26         0
                text20                              296      296      12A         0
                text19                              EDF      EDF        A         0
                text18                              F2B      F2B        F         0
                text17                              EB9      EB9        6         0
                text16                              7F0      7F0       10         0
                text15                              EBF      EBF        6         0
                text14                              EC5      EC5        6         0
                text13                              ECB      ECB        6         0
                text12                              F94      F94       22         0
                text11                              EF3      EF3        C         0
                text10                              F60      F60       16         0
                text9                               ED1      ED1        6         0
                text8                               F3A      F3A       13         0
                text7                               EA8      EA8        3         0
                text6                               F4D      F4D       13         0
                text5                               EAB      EAB        3         0
                text4                               EE9      EE9        A         0
                text3                               ED7      ED7        8         0
                text2                               F76      F76       1E         0
                text1                               645      645       60         0
                maintext                            3C0      3C0       D2         0

        CLASS   STRCODE        

        CLASS   STRING         

        CLASS   CONST          

        CLASS   ENTRY          

        CLASS   COMMON         
                cstackCOMMON                         70       70        9         1
                bssCOMMON                            79       79        2         1

        CLASS   BANK0          
                cstackBANK0                          20       20       36         1
                bssBANK0                             56       56        1         1

        CLASS   BANK1          
                cstackBANK1                          A0       A0       1B         1
                bssBANK1                             BB       BB        C         1

        CLASS   BANK2          

        CLASS   BANK3          

        CLASS   BANK4          

        CLASS   BIGRAM         

        CLASS   RAM            

        CLASS   ABS1           
                abs_s1                               7E       7E        2         1

        CLASS   SFR0           

        CLASS   SFR1           

        CLASS   SFR2           

        CLASS   SFR3           

        CLASS   SFR4           

        CLASS   SFR5           

        CLASS   SFR6           

        CLASS   SFR7           

        CLASS   SFR8           

        CLASS   SFR9           

        CLASS   SFR10          

        CLASS   SFR11          

        CLASS   SFR12          

        CLASS   SFR13          

        CLASS   SFR14          

        CLASS   SFR15          

        CLASS   SFR16          

        CLASS   SFR17          

        CLASS   SFR18          

        CLASS   SFR19          

        CLASS   SFR20          

        CLASS   SFR21          

        CLASS   SFR22          

        CLASS   SFR23          

        CLASS   SFR24          

        CLASS   SFR25          

        CLASS   SFR26          

        CLASS   SFR27          

        CLASS   SFR28          

        CLASS   SFR29          

        CLASS   SFR30          

        CLASS   SFR31          

        CLASS   CONFIG         
                config                             8007     8007        2         4

        CLASS   IDLOC          

        CLASS   EEDATA         

        CLASS   BANK31         

        CLASS   BANK30         

        CLASS   BANK29         

        CLASS   BANK28         

        CLASS   BANK27         

        CLASS   BANK26         

        CLASS   BANK25         

        CLASS   BANK24         

        CLASS   BANK23         

        CLASS   BANK22         

        CLASS   BANK21         

        CLASS   BANK20         

        CLASS   BANK19         

        CLASS   BANK18         

        CLASS   BANK17         

        CLASS   BANK16         

        CLASS   BANK15         

        CLASS   BANK14         

        CLASS   BANK13         

        CLASS   BANK12         

        CLASS   BANK11         

        CLASS   BANK10         

        CLASS   BANK9          

        CLASS   BANK8          

        CLASS   BANK7          

        CLASS   BANK6          

        CLASS   BANK5          



SEGMENTS        Name                           Load    Length   Top    Selector   Space  Class     Delta

                reset_vec                      000000  000003  000003         0       0  CODE        2
                text36                         000003  000001  000004         6       0  CODE        2
                intentry                       000004  0007FC  000800         8       0  CODE        2
                cstackBANK0                    000020  000037  000057        20       1  BANK0       1
                cstackCOMMON                   000070  00000B  00007B        70       1  COMMON      1
                cstackBANK1                    0000A0  000027  0000C7        A0       1  BANK1       1
                text32                         000EA5  000003  000EA8      1D4A       0  CODE        2
                text7                          000EA8  000003  000EAB      1D50       0  CODE        2
                text5                          000EAB  000003  000EAE      1D56       0  CODE        2
                text35                         000EAE  000005  000EB3      1D5C       0  CODE        2
                text40                         000EB3  000006  000EB9      1D66       0  CODE        2
                text17                         000EB9  000006  000EBF      1D72       0  CODE        2
                text15                         000EBF  000006  000EC5      1D7E       0  CODE        2
                text14                         000EC5  000006  000ECB      1D8A       0  CODE        2
                text13                         000ECB  000006  000ED1      1D96       0  CODE        2
                text9                          000ED1  000006  000ED7      1DA2       0  CODE        2
                text3                          000ED7  000008  000EDF      1DAE       0  CODE        2
                text19                         000EDF  00000A  000EE9      1DBE       0  CODE        2
                text4                          000EE9  00000A  000EF3      1DD2       0  CODE        2
                text11                         000EF3  00000C  000EFF      1DE6       0  CODE        2
                text39                         000EFF  00000E  000F0D      1DFE       0  CODE        2
                text37                         000F0D  00000F  000F1C      1E1A       0  CODE        2
                text34                         000F1C  00000F  000F2B      1E38       0  CODE        2
                text18                         000F2B  00000F  000F3A      1E56       0  CODE        2
                text8                          000F3A  000013  000F4D      1E74       0  CODE        2
                text6                          000F4D  000013  000F60      1E9A       0  CODE        2
                text10                         000F60  000016  000F76      1EC0       0  CODE        2
                text2                          000F76  00001E  000F94      1EEC       0  CODE        2
                text12                         000F94  000022  000FB6      1F28       0  CODE        2
                text31                         000FB6  000024  000FDA      1F6C       0  CODE        2
                text21                         000FDA  000026  001000      1FB4       0  CODE        2


UNUSED ADDRESS RANGES

        Name                Unused          Largest block    Delta
        BANK0            00057-0006F              19           1
        BANK1            000C7-000EF              29           1
        BANK2            00120-0016F              50           1
        BANK3            001A0-001EF              50           1
        BANK4            00220-0024F              30           1
        BIGRAM           02000-0216F             170           1
        CODE             00800-00EA4             6A5           2
        COMMON           0007B-0007D               3           1
        CONST            00800-00EA4             100           2
        EEDATA           0F000-0F0FF             100           2
        ENTRY            00800-00EA4             100           2
        IDLOC            08000-08003               4           2
        RAM              00057-0006F              19           1
                         000C7-000EF              29
                         00120-0016F              50
                         001A0-001EF              50
                         00220-0024F              30
        SFR0             00000-0001F              20           1
        SFR1             00080-0009F              20           1
        SFR10            00500-0056F              70           1
        SFR11            00580-005EF              70           1
        SFR12            00600-0066F              70           1
        SFR13            00680-006EF              70           1
        SFR14            00700-0076F              70           1
        SFR15            00780-007EF              70           1
        SFR16            00800-0086F              70           1
        SFR17            00880-008EF              70           1
        SFR18            00900-0096F              70           1
        SFR19            00980-009EF              70           1
        SFR2             00100-0011F              20           1
        SFR20            00A00-00A6F              70           1
        SFR21            00A80-00AEF              70           1
        SFR22            00B00-00B6F              70           1
        SFR23            00B80-00BEF              70           1
        SFR24            00C00-00C6F              70           1
        SFR25            00C80-00CEF              70           1
        SFR26            00D00-00D6F              70           1
        SFR27            00D80-00DEF              70           1
        SFR28            00E00-00E6F              70           1
        SFR29            00E80-00EEF              70           1
        SFR3             00180-0019F              20           1
        SFR30            00F00-00F6F              70           1
        SFR31            00F80-00FEF              70           1
        SFR4             00200-0021F              20           1
        SFR5             00280-002EF              70           1
        SFR6             00300-0036F              70           1
        SFR7             00380-003EF              70           1
        SFR8             00400-0046F              70           1
        SFR9             00480-004EF              70           1
        STACK            02077-0216F              F9           1
        STRCODE          00800-00EA4             6A5           2
        STRING           00800-00EA4             100           2

                                  Symbol Table

?_ADC_GetConversionResult                      cstackCOMMON 00070
?_Ds_Conversor_ADC                             cstackBANK0  0004D
?__Umul8_16                                    cstackCOMMON 00073
?___flmul                                      cstackBANK0  0002A
?___fltol                                      cstackBANK0  00044
?___lwdiv                                      cstackCOMMON 00073
?___lwmod                                      cstackCOMMON 00073
?___xxtofl                                     cstackCOMMON 00073
ADC_SetInterruptHandler@InterruptHandler       cstackCOMMON 00073
Ds_BCD@segmento                                cstackCOMMON 00075
Ds_Conversor_ADC@adcOUT                        cstackBANK0  0004D
Ds_Conversor_ADC@pendiente                     cstackBANK0  0004F
Ds_Conversor_ADC@voltios                       cstackBANK0  00053
Ds_Convertir_en_uni@dsp                        cstackBANK0  00026
Ds_Convertir_en_uni@voltaje                    cstackBANK0  00023
Ds_Encienda_Disp@dispNum                       cstackCOMMON 00073
Ds_Iniciar_displays@d1                         cstackCOMMON 00073
Ds_Iniciar_displays@d2                         cstackCOMMON 00074
Ds_Iniciar_displays@d3                         cstackCOMMON 00075
Ds_Iniciar_displays@dsp                        cstackBANK0  00020
Ds_Iniciar_displays@tA                         cstackCOMMON 00077
Ds_Iniciar_displays@tE                         cstackCOMMON 00076
Ds_Procese_displays@dsp                        cstackCOMMON 00078
EUSART_SetErrorHandler@interruptHandler        cstackCOMMON 00073
EUSART_SetFramingErrorHandler@interruptHandler cstackCOMMON 00073
EUSART_SetOverrunErrorHandler@interruptHandler cstackCOMMON 00073
EUSART_Write@txData                            cstackCOMMON 00073
TMR6_SetInterruptHandler@InterruptHandler      cstackCOMMON 00073
Tm_Baje_periodico@ctp                          cstackCOMMON 00074
Tm_Hubo_periodico@ctp                          cstackCOMMON 00073
Tm_Inicie_periodico@ctp                        cstackCOMMON 00076
Tm_Inicie_periodico@periodo                    cstackCOMMON 00073
Tm_Procese_tiempo@ctp                          cstackCOMMON 00077
_ADCON0                                        (abs)        0009D
_ADCON0bits                                    (abs)        0009D
_ADCON1                                        (abs)        0009E
_ADC_DefaultInterruptHandler                   text38       00002
_ADC_GetConversionResult                       text40       00EB3
_ADC_ISR                                       text37       00F0D
_ADC_Initialize                                text16       007F0
_ADC_InterruptHandler                          bssBANK1     000BD
_ADC_SetInterruptHandler                       text17       00EB9
_ADC_StartConversion                           text32       00EA5
_ADC_flag                                      bssBANK0     00056
_ADRESH                                        (abs)        0009C
_ADRESL                                        (abs)        0009B
_ANSELA                                        (abs)        0018C
_ANSELB                                        (abs)        0018D
_APFCON0                                       (abs)        0011D
_APFCON1                                       (abs)        0011E
_BAUDCON                                       (abs)        0019F
_BORCON                                        (abs)        00116
_Ds_BCD                                        text22       0053F
_Ds_Conversor_ADC                              text27       0077F
_Ds_Convertir_en_uni                           text24       006A5
_Ds_Encienda_Disp                              text21       00FDA
_Ds_Iniciar_displays                           text23       00703
_Ds_Procese_displays                           text20       00296
_EUSART_DefaultErrorHandler                    (abs)        00000
_EUSART_DefaultFramingErrorHandler             (abs)        00000
_EUSART_DefaultOverrunErrorHandler             (abs)        00000
_EUSART_ErrorHandler                           bssBANK1     000BF
_EUSART_FramingErrorHandler                    bssBANK1     000C3
_EUSART_Initialize                             text12       00F94
_EUSART_OverrunErrorHandler                    bssBANK1     000C1
_EUSART_SetErrorHandler                        text15       00EBF
_EUSART_SetFramingErrorHandler                 text14       00EC5
_EUSART_SetOverrunErrorHandler                 text13       00ECB
_EUSART_Write                                  text19       00EDF
_EUSART_is_tx_ready                            text18       00F2B
_EUSART_is_tx_ready$336                        cstackCOMMON 00073
_INTCONbits                                    (abs)        0000B
_INTERRUPT_InterruptManager                    intentry     00004
_Interrupcion_ADC                              text39       00EFF
_Interrupcion_timer                            text35       00EAE
_LATA                                          (abs)        0010C
_LATAbits                                      (abs)        0010C
_LATB                                          (abs)        0010D
_LATBbits                                      (abs)        0010D
_OPTION_REGbits                                (abs)        00095
_OSCCON                                        (abs)        00099
_OSCILLATOR_Initialize                         text11       00EF3
_OSCTUNE                                       (abs)        00098
_PIE1bits                                      (abs)        00091
_PIE3bits                                      (abs)        00093
_PIN_MANAGER_Initialize                        text10       00F60
_PIR1bits                                      (abs)        00011
_PIR3bits                                      (abs)        00013
_PLLR                                          (abs)        004D6
_PR6                                           (abs)        0041D
_RCREG                                         (abs)        00199
_RCSTA                                         (abs)        0019D
_RCSTAbits                                     (abs)        0019D
_SPBRGH                                        (abs)        0019C
_SPBRGL                                        (abs)        0019B
_SYSTEM_Initialize                             text6        00F4D
_T6CON                                         (abs)        0041E
_T6CONbits                                     (abs)        0041E
_TMR6                                          (abs)        0041C
_TMR6_DefaultInterruptHandler                  text36       00003
_TMR6_ISR                                      text34       00F1C
_TMR6_Initialize                               text8        00F3A
_TMR6_InterruptHandler                         bssBANK1     000C5
_TMR6_SetInterruptHandler                      text9        00ED1
_TMR6_StartTimer                               text5        00EAB
_TRISA                                         (abs)        0008C
_TRISB                                         (abs)        0008D
_TXREG                                         (abs)        0019A
_TXSTA                                         (abs)        0019E
_TXSTAbits                                     (abs)        0019E
_Tm_Baje_periodico                             text4        00EE9
_Tm_Hubo_periodico                             text3        00ED7
_Tm_Inicie_periodico                           text2        00F76
_Tm_Procese_tiempo                             text1        00645
_WDTCON                                        (abs)        00097
_WDT_Initialize                                text7        00EA8
_WPUA                                          (abs)        0020C
_WPUB                                          (abs)        0020D
__Habs1                                        abs1         00000
__Hbank0                                       bank0        00000
__Hbank1                                       bank1        00000
__Hbank10                                      bank10       00000
__Hbank11                                      bank11       00000
__Hbank12                                      bank12       00000
__Hbank13                                      bank13       00000
__Hbank14                                      bank14       00000
__Hbank15                                      bank15       00000
__Hbank16                                      bank16       00000
__Hbank17                                      bank17       00000
__Hbank18                                      bank18       00000
__Hbank19                                      bank19       00000
__Hbank2                                       bank2        00000
__Hbank20                                      bank20       00000
__Hbank21                                      bank21       00000
__Hbank22                                      bank22       00000
__Hbank23                                      bank23       00000
__Hbank24                                      bank24       00000
__Hbank25                                      bank25       00000
__Hbank26                                      bank26       00000
__Hbank27                                      bank27       00000
__Hbank28                                      bank28       00000
__Hbank29                                      bank29       00000
__Hbank3                                       bank3        00000
__Hbank30                                      bank30       00000
__Hbank31                                      bank31       00000
__Hbank4                                       bank4        00000
__Hbank5                                       bank5        00000
__Hbank6                                       bank6        00000
__Hbank7                                       bank7        00000
__Hbank8                                       bank8        00000
__Hbank9                                       bank9        00000
__Hbigram                                      bigram       00000
__HbssBANK0                                    bssBANK0     00000
__HbssBANK1                                    bssBANK1     00000
__HbssCOMMON                                   bssCOMMON    00000
__Hcinit                                       cinit        0003F
__Hclrtext                                     clrtext      00000
__Hcode                                        code         00000
__Hcommon                                      common       00000
__Hconfig                                      config       08009
__HcstackBANK0                                 cstackBANK0  00000
__HcstackBANK1                                 cstackBANK1  00000
__HcstackCOMMON                                cstackCOMMON 00000
__Heeprom_data                                 eeprom_data  00000
__Hend_init                                    end_init     0002A
__Hfunctab                                     functab      00000
__Hinit                                        init         00028
__Hintentry                                    intentry     00028
__Hmaintext                                    maintext     00000
__Hpowerup                                     powerup      00000
__Hram                                         ram          00000
__Hreset_vec                                   reset_vec    00002
__Hsfr0                                        sfr0         00000
__Hsfr1                                        sfr1         00000
__Hsfr10                                       sfr10        00000
__Hsfr11                                       sfr11        00000
__Hsfr12                                       sfr12        00000
__Hsfr13                                       sfr13        00000
__Hsfr14                                       sfr14        00000
__Hsfr15                                       sfr15        00000
__Hsfr16                                       sfr16        00000
__Hsfr17                                       sfr17        00000
__Hsfr18                                       sfr18        00000
__Hsfr19                                       sfr19        00000
__Hsfr2                                        sfr2         00000
__Hsfr20                                       sfr20        00000
__Hsfr21                                       sfr21        00000
__Hsfr22                                       sfr22        00000
__Hsfr23                                       sfr23        00000
__Hsfr24                                       sfr24        00000
__Hsfr25                                       sfr25        00000
__Hsfr26                                       sfr26        00000
__Hsfr27                                       sfr27        00000
__Hsfr28                                       sfr28        00000
__Hsfr29                                       sfr29        00000
__Hsfr3                                        sfr3         00000
__Hsfr30                                       sfr30        00000
__Hsfr31                                       sfr31        00000
__Hsfr4                                        sfr4         00000
__Hsfr5                                        sfr5         00000
__Hsfr6                                        sfr6         00000
__Hsfr7                                        sfr7         00000
__Hsfr8                                        sfr8         00000
__Hsfr9                                        sfr9         00000
__Hspace_0                                     (abs)        01000
__Hspace_1                                     (abs)        000C7
__Hspace_2                                     (abs)        00000
__Hspace_3                                     (abs)        00000
__Hspace_4                                     (abs)        10010
__Hstack                                       stack        00000
__Hstrings                                     strings      00000
__Htext                                        text         00000
__Labs1                                        abs1         00000
__Lbank0                                       bank0        00000
__Lbank1                                       bank1        00000
__Lbank10                                      bank10       00000
__Lbank11                                      bank11       00000
__Lbank12                                      bank12       00000
__Lbank13                                      bank13       00000
__Lbank14                                      bank14       00000
__Lbank15                                      bank15       00000
__Lbank16                                      bank16       00000
__Lbank17                                      bank17       00000
__Lbank18                                      bank18       00000
__Lbank19                                      bank19       00000
__Lbank2                                       bank2        00000
__Lbank20                                      bank20       00000
__Lbank21                                      bank21       00000
__Lbank22                                      bank22       00000
__Lbank23                                      bank23       00000
__Lbank24                                      bank24       00000
__Lbank25                                      bank25       00000
__Lbank26                                      bank26       00000
__Lbank27                                      bank27       00000
__Lbank28                                      bank28       00000
__Lbank29                                      bank29       00000
__Lbank3                                       bank3        00000
__Lbank30                                      bank30       00000
__Lbank31                                      bank31       00000
__Lbank4                                       bank4        00000
__Lbank5                                       bank5        00000
__Lbank6                                       bank6        00000
__Lbank7                                       bank7        00000
__Lbank8                                       bank8        00000
__Lbank9                                       bank9        00000
__Lbigram                                      bigram       00000
__LbssBANK0                                    bssBANK0     00000
__LbssBANK1                                    bssBANK1     00000
__LbssCOMMON                                   bssCOMMON    00000
__Lcinit                                       cinit        0002A
__Lclrtext                                     clrtext      00000
__Lcode                                        code         00000
__Lcommon                                      common       00000
__Lconfig                                      config       00000
__LcstackBANK0                                 cstackBANK0  00000
__LcstackBANK1                                 cstackBANK1  00000
__LcstackCOMMON                                cstackCOMMON 00000
__Leeprom_data                                 eeprom_data  00000
__Lend_init                                    end_init     00028
__Lfunctab                                     functab      00000
__Linit                                        init         00028
__Lintentry                                    intentry     00004
__Lmaintext                                    maintext     00000
__Lpowerup                                     powerup      00000
__Lram                                         ram          00000
__Lreset_vec                                   reset_vec    00000
__Lsfr0                                        sfr0         00000
__Lsfr1                                        sfr1         00000
__Lsfr10                                       sfr10        00000
__Lsfr11                                       sfr11        00000
__Lsfr12                                       sfr12        00000
__Lsfr13                                       sfr13        00000
__Lsfr14                                       sfr14        00000
__Lsfr15                                       sfr15        00000
__Lsfr16                                       sfr16        00000
__Lsfr17                                       sfr17        00000
__Lsfr18                                       sfr18        00000
__Lsfr19                                       sfr19        00000
__Lsfr2                                        sfr2         00000
__Lsfr20                                       sfr20        00000
__Lsfr21                                       sfr21        00000
__Lsfr22                                       sfr22        00000
__Lsfr23                                       sfr23        00000
__Lsfr24                                       sfr24        00000
__Lsfr25                                       sfr25        00000
__Lsfr26                                       sfr26        00000
__Lsfr27                                       sfr27        00000
__Lsfr28                                       sfr28        00000
__Lsfr29                                       sfr29        00000
__Lsfr3                                        sfr3         00000
__Lsfr30                                       sfr30        00000
__Lsfr31                                       sfr31        00000
__Lsfr4                                        sfr4         00000
__Lsfr5                                        sfr5         00000
__Lsfr6                                        sfr6         00000
__Lsfr7                                        sfr7         00000
__Lsfr8                                        sfr8         00000
__Lsfr9                                        sfr9         00000
__Lspace_0                                     (abs)        00000
__Lspace_1                                     (abs)        00000
__Lspace_2                                     (abs)        00000
__Lspace_3                                     (abs)        00000
__Lspace_4                                     (abs)        00000
__Lstack                                       stack        00000
__Lstrings                                     strings      00000
__Ltext                                        text         00000
__S0                                           (abs)        01000
__S1                                           (abs)        000C7
__S2                                           (abs)        00000
__S3                                           (abs)        00000
__Umul8_16                                     text31       00FB6
__Umul8_16@multiplicand                        cstackCOMMON 00073
__Umul8_16@multiplier                          cstackBANK0  00024
__Umul8_16@product                             cstackBANK0  00020
__Umul8_16@word_mpld                           cstackBANK0  00022
___flmul                                       text30       0003F
___flmul@a                                     cstackBANK0  0002E
___flmul@aexp                                  cstackBANK0  00038
___flmul@b                                     cstackBANK0  0002A
___flmul@bexp                                  cstackBANK0  0003D
___flmul@grs                                   cstackBANK0  00039
___flmul@prod                                  cstackBANK0  0003E
___flmul@sign                                  cstackBANK0  00037
___flmul@temp                                  cstackBANK0  00042
___fltol                                       text29       005D0
___fltol@exp1                                  cstackCOMMON 00078
___fltol@f1                                    cstackBANK0  00044
___fltol@sign1                                 cstackCOMMON 00077
___int_sp                                      stack        00000
___latbits                                     (abs)        00001
___lwdiv                                       text26       00742
___lwdiv@counter                               cstackBANK0  00020
___lwdiv@dividend                              cstackCOMMON 00075
___lwdiv@divisor                               cstackCOMMON 00073
___lwdiv@quotient                              cstackBANK0  00021
___lwmod                                       text25       007BC
___lwmod@counter                               cstackCOMMON 00078
___lwmod@dividend                              cstackCOMMON 00075
___lwmod@divisor                               cstackCOMMON 00073
___sp                                          stack        00000
___stackhi                                     (abs)        0216F
___stacklo                                     (abs)        02077
___xxtofl                                      text28       00492
___xxtofl@arg                                  cstackBANK0  00026
___xxtofl@exp                                  cstackBANK0  00025
___xxtofl@sign                                 cstackBANK0  00024
___xxtofl@val                                  cstackCOMMON 00073
__end_of_ADC_DefaultInterruptHandler           text38       00003
__end_of_ADC_GetConversionResult               text40       00EB9
__end_of_ADC_ISR                               text37       00F1C
__end_of_ADC_Initialize                        text16       00800
__end_of_ADC_SetInterruptHandler               text17       00EBF
__end_of_ADC_StartConversion                   text32       00EA8
__end_of_Ds_BCD                                text22       005D0
__end_of_Ds_Conversor_ADC                      text27       007BC
__end_of_Ds_Convertir_en_uni                   text24       00703
__end_of_Ds_Encienda_Disp                      text21       01000
__end_of_Ds_Iniciar_displays                   text23       00742
__end_of_Ds_Procese_displays                   text20       003C0
__end_of_EUSART_Initialize                     text12       00FB6
__end_of_EUSART_SetErrorHandler                text15       00EC5
__end_of_EUSART_SetFramingErrorHandler         text14       00ECB
__end_of_EUSART_SetOverrunErrorHandler         text13       00ED1
__end_of_EUSART_Write                          text19       00EE9
__end_of_EUSART_is_tx_ready                    text18       00F3A
__end_of_INTERRUPT_InterruptManager            intentry     00028
__end_of_Interrupcion_ADC                      text39       00F0D
__end_of_Interrupcion_timer                    text35       00EB3
__end_of_OSCILLATOR_Initialize                 text11       00EFF
__end_of_PIN_MANAGER_Initialize                text10       00F76
__end_of_SYSTEM_Initialize                     text6        00F60
__end_of_TMR6_DefaultInterruptHandler          text36       00004
__end_of_TMR6_ISR                              text34       00F2B
__end_of_TMR6_Initialize                       text8        00F4D
__end_of_TMR6_SetInterruptHandler              text9        00ED7
__end_of_TMR6_StartTimer                       text5        00EAE
__end_of_Tm_Baje_periodico                     text4        00EF3
__end_of_Tm_Hubo_periodico                     text3        00EDF
__end_of_Tm_Inicie_periodico                   text2        00F94
__end_of_Tm_Procese_tiempo                     text1        006A5
__end_of_WDT_Initialize                        text7        00EAB
__end_of__Umul8_16                             text31       00FDA
__end_of___flmul                               text30       00296
__end_of___fltol                               text29       00645
__end_of___lwdiv                               text26       0077F
__end_of___lwmod                               text25       007F0
__end_of___xxtofl                              text28       0053F
__end_of__initialization                       cinit        0003B
__end_of_main                                  maintext     00492
__initialization                               cinit        0002A
__pbssBANK0                                    bssBANK0     00056
__pbssBANK1                                    bssBANK1     000BB
__pbssCOMMON                                   bssCOMMON    00079
__pcstackBANK0                                 cstackBANK0  00020
__pcstackBANK1                                 cstackBANK1  000A0
__pcstackCOMMON                                cstackCOMMON 00070
__pintentry                                    intentry     00004
__pmaintext                                    maintext     003C0
__ptext1                                       text1        00645
__ptext10                                      text10       00F60
__ptext11                                      text11       00EF3
__ptext12                                      text12       00F94
__ptext13                                      text13       00ECB
__ptext14                                      text14       00EC5
__ptext15                                      text15       00EBF
__ptext16                                      text16       007F0
__ptext17                                      text17       00EB9
__ptext18                                      text18       00F2B
__ptext19                                      text19       00EDF
__ptext2                                       text2        00F76
__ptext20                                      text20       00296
__ptext21                                      text21       00FDA
__ptext22                                      text22       0053F
__ptext23                                      text23       00703
__ptext24                                      text24       006A5
__ptext25                                      text25       007BC
__ptext26                                      text26       00742
__ptext27                                      text27       0077F
__ptext28                                      text28       00492
__ptext29                                      text29       005D0
__ptext3                                       text3        00ED7
__ptext30                                      text30       0003F
__ptext31                                      text31       00FB6
__ptext32                                      text32       00EA5
__ptext34                                      text34       00F1C
__ptext35                                      text35       00EAE
__ptext36                                      text36       00003
__ptext37                                      text37       00F0D
__ptext38                                      text38       00002
__ptext39                                      text39       00EFF
__ptext4                                       text4        00EE9
__ptext40                                      text40       00EB3
__ptext5                                       text5        00EAB
__ptext6                                       text6        00F4D
__ptext7                                       text7        00EA8
__ptext8                                       text8        00F3A
__ptext9                                       text9        00ED1
__size_of_ADC_DefaultInterruptHandler          (abs)        00000
__size_of_ADC_GetConversionResult              (abs)        00000
__size_of_ADC_ISR                              (abs)        00000
__size_of_ADC_Initialize                       (abs)        00000
__size_of_ADC_SetInterruptHandler              (abs)        00000
__size_of_ADC_StartConversion                  (abs)        00000
__size_of_Ds_BCD                               (abs)        00000
__size_of_Ds_Conversor_ADC                     (abs)        00000
__size_of_Ds_Convertir_en_uni                  (abs)        00000
__size_of_Ds_Encienda_Disp                     (abs)        00000
__size_of_Ds_Iniciar_displays                  (abs)        00000
__size_of_Ds_Procese_displays                  (abs)        00000
__size_of_EUSART_Initialize                    (abs)        00000
__size_of_EUSART_SetErrorHandler               (abs)        00000
__size_of_EUSART_SetFramingErrorHandler        (abs)        00000
__size_of_EUSART_SetOverrunErrorHandler        (abs)        00000
__size_of_EUSART_Write                         (abs)        00000
__size_of_EUSART_is_tx_ready                   (abs)        00000
__size_of_INTERRUPT_InterruptManager           (abs)        00000
__size_of_Interrupcion_ADC                     (abs)        00000
__size_of_Interrupcion_timer                   (abs)        00000
__size_of_OSCILLATOR_Initialize                (abs)        00000
__size_of_PIN_MANAGER_Initialize               (abs)        00000
__size_of_SYSTEM_Initialize                    (abs)        00000
__size_of_TMR6_DefaultInterruptHandler         (abs)        00000
__size_of_TMR6_ISR                             (abs)        00000
__size_of_TMR6_Initialize                      (abs)        00000
__size_of_TMR6_SetInterruptHandler             (abs)        00000
__size_of_TMR6_StartTimer                      (abs)        00000
__size_of_Tm_Baje_periodico                    (abs)        00000
__size_of_Tm_Hubo_periodico                    (abs)        00000
__size_of_Tm_Inicie_periodico                  (abs)        00000
__size_of_Tm_Procese_tiempo                    (abs)        00000
__size_of_WDT_Initialize                       (abs)        00000
__size_of__Umul8_16                            (abs)        00000
__size_of___flmul                              (abs)        00000
__size_of___fltol                              (abs)        00000
__size_of___lwdiv                              (abs)        00000
__size_of___lwmod                              (abs)        00000
__size_of___xxtofl                             (abs)        00000
__size_of_main                                 (abs)        00000
_eusartRxLastError                             bssCOMMON    0007A
_main                                          maintext     003C0
_num_ADC                                       bssBANK1     000BB
_timer_flag                                    bssCOMMON    00079
btemp                                          (abs)        0007E
end_of_initialization                          cinit        0003B
int$flags                                      (abs)        0007E
intlevel0                                      functab      00000
intlevel1                                      functab      00000
intlevel2                                      functab      00000
intlevel3                                      functab      00000
intlevel4                                      functab      00000
intlevel5                                      functab      00000
main@Pack                                      cstackBANK1  000A4
main@seven_seg                                 cstackBANK1  000B3
main@timer_1ms                                 cstackBANK1  000AA
main@valor_ADC                                 cstackBANK1  000A0
main@volt_ADC                                  cstackBANK1  000A2
reset_vec                                      reset_vec    00000
start                                          init         00028
start_initialization                           cinit        0002A
wtemp0                                         (abs)        0007E


MODULE INFORMATION

Module		Function		Class		Link	Load	Size
mcc_generated_files/tmr6.c
		_TMR6_StartTimer		CODE           	0EAB	0000	3
		_TMR6_ISR      		CODE           	0F1C	0000	15
		_TMR6_Initialize		CODE           	0F3A	0000	19
		_TMR6_SetInterruptHandler		CODE           	0ED1	0000	6
		_TMR6_DefaultInterruptHandler		CODE           	0003	0000	1

mcc_generated_files/tmr6.c estimated size: 44

mcc_generated_files/interrupt_manager.c
		_INTERRUPT_InterruptManager		CODE           	0004	0000	36

mcc_generated_files/interrupt_manager.c estimated size: 36

mcc_generated_files/pin_manager.c
		_PIN_MANAGER_Initialize		CODE           	0F60	0000	22

mcc_generated_files/pin_manager.c estimated size: 22

C:\Program Files\Microchip\xc8\v2.32\pic\sources\c99\common\lwmod.c
		___lwmod       		CODE           	07BC	0000	52

C:\Program Files\Microchip\xc8\v2.32\pic\sources\c99\common\lwmod.c estimated size: 52

mcc_generated_files/adc.c
		_ADC_DefaultInterruptHandler		CODE           	0002	0000	1
		_ADC_Initialize		CODE           	07F0	0000	16
		_ADC_SetInterruptHandler		CODE           	0EB9	0000	6
		_ADC_GetConversionResult		CODE           	0EB3	0000	6
		_ADC_StartConversion		CODE           	0EA5	0000	3
		_ADC_ISR       		CODE           	0F0D	0000	15

mcc_generated_files/adc.c estimated size: 47

nuestrostimers.c
		_Tm_Hubo_periodico		CODE           	0ED7	0000	8
		_Tm_Procese_tiempo		CODE           	0645	0000	96
		_Tm_Inicie_periodico		CODE           	0F76	0000	30
		_Tm_Baje_periodico		CODE           	0EE9	0000	10

nuestrostimers.c estimated size: 144

shared
		__initialization		CODE           	002A	0000	17

shared estimated size: 17

C:\Program Files\Microchip\xc8\v2.32\pic\sources\c99\common\sprcmul.c
		___flmul       		CODE           	003F	0000	599

C:\Program Files\Microchip\xc8\v2.32\pic\sources\c99\common\sprcmul.c estimated size: 599

mcc_generated_files/mcc.c
		_WDT_Initialize		CODE           	0EA8	0000	3
		_OSCILLATOR_Initialize		CODE           	0EF3	0000	12
		_SYSTEM_Initialize		CODE           	0F4D	0000	19

mcc_generated_files/mcc.c estimated size: 34

C:\Program Files\Microchip\xc8\v2.32\pic\sources\c99\common\Umul8_16.c
		__Umul8_16     		CODE           	0FB6	0000	36

C:\Program Files\Microchip\xc8\v2.32\pic\sources\c99\common\Umul8_16.c estimated size: 36

C:\Program Files\Microchip\xc8\v2.32\pic\sources\c99\common\lwdiv.c
		___lwdiv       		CODE           	0742	0000	61

C:\Program Files\Microchip\xc8\v2.32\pic\sources\c99\common\lwdiv.c estimated size: 61

C:\Program Files\Microchip\xc8\v2.32\pic\sources\c99\common\fltol.c
		___fltol       		CODE           	05D0	0000	117

C:\Program Files\Microchip\xc8\v2.32\pic\sources\c99\common\fltol.c estimated size: 117

C:\Program Files\Microchip\xc8\v2.32\pic\sources\c99\common\xxtofl.c
		___xxtofl      		CODE           	0492	0000	173

C:\Program Files\Microchip\xc8\v2.32\pic\sources\c99\common\xxtofl.c estimated size: 173

mcc_generated_files/eusart.c
		_EUSART_Write  		CODE           	0EDF	0000	10
		_EUSART_Initialize		CODE           	0F94	0000	34
		_EUSART_SetFramingErrorHandler		CODE           	0EC5	0000	6
		_EUSART_SetErrorHandler		CODE           	0EBF	0000	6
		_EUSART_SetOverrunErrorHandler		CODE           	0ECB	0000	6
		_EUSART_is_tx_ready		CODE           	0F2B	0000	15

mcc_generated_files/eusart.c estimated size: 77

main.c
		_main          		CODE           	03C0	0000	210
		_Interrupcion_timer		CODE           	0EAE	0000	5
		_Interrupcion_ADC		CODE           	0EFF	0000	14

main.c estimated size: 229

displays.c
		_Ds_Convertir_en_uni		CODE           	06A5	0000	94
		_Ds_Iniciar_displays		CODE           	0703	0000	63
		_Ds_Encienda_Disp		CODE           	0FDA	0000	38
		_Ds_Procese_displays		CODE           	0296	0000	298
		_Ds_BCD        		CODE           	053F	0000	145
		_Ds_Conversor_ADC		CODE           	077F	0000	61

displays.c estimated size: 699

