Microchip MPLAB XC8 Compiler V2.32

Linker command line:

-W-3 --edf=C:\Program Files\Microchip\xc8\v2.32\pic\dat\en_msgs.txt -cn \
  -h+dist/default/production\Practica_1.X.production.sym \
  --cmf=dist/default/production\Practica_1.X.production.cmf -z -w9 \
  --disl=596:off --norlf -Q16F1827 \
  -oC:\Users\fesig\AppData\Local\Temp\xcAsno4.4 --defsym=__MPLAB_BUILD=1 \
  -Mdist/default/production/Practica_1.X.production.map -E1 \
  -ver=XC8 Compiler --acfsm=1493 -ACODE=00h-07FFhx2 -ASTRCODE=00h-0FFFh \
  -ASTRING=00h-0FFhx16 -ACONST=00h-0FFhx16 -AENTRY=00h-0FFhx16 \
  -ACOMMON=070h-07Fh -ABANK0=020h-06Fh -ABANK1=0A0h-0EFh \
  -ABANK2=0120h-016Fh -ABANK3=01A0h-01EFh -ABANK4=0220h-024Fh \
  -ABIGRAM=02000h-0216Fh \
  -ARAM=020h-06Fh,0A0h-0EFh,0120h-016Fh,01A0h-01EFh,0220h-024Fh \
  -AABS1=020h-07Fh,0A0h-0EFh,0120h-016Fh,01A0h-01EFh,0220h-024Fh \
  -ASFR0=00h-01Fh -ASFR1=080h-09Fh -ASFR2=0100h-011Fh -ASFR3=0180h-019Fh \
  -ASFR4=0200h-021Fh -ASFR5=0280h-02EFh -ASFR6=0300h-036Fh \
  -ASFR7=0380h-03EFh -ASFR8=0400h-046Fh -ASFR9=0480h-04EFh \
  -ASFR10=0500h-056Fh -ASFR11=0580h-05EFh -ASFR12=0600h-066Fh \
  -ASFR13=0680h-06EFh -ASFR14=0700h-076Fh -ASFR15=0780h-07EFh \
  -ASFR16=0800h-086Fh -ASFR17=0880h-08EFh -ASFR18=0900h-096Fh \
  -ASFR19=0980h-09EFh -ASFR20=0A00h-0A6Fh -ASFR21=0A80h-0AEFh \
  -ASFR22=0B00h-0B6Fh -ASFR23=0B80h-0BEFh -ASFR24=0C00h-0C6Fh \
  -ASFR25=0C80h-0CEFh -ASFR26=0D00h-0D6Fh -ASFR27=0D80h-0DEFh \
  -ASFR28=0E00h-0E6Fh -ASFR29=0E80h-0EEFh -ASFR30=0F00h-0F6Fh \
  -ASFR31=0F80h-0FEFh -ACONFIG=08007h-08008h -DCONFIG=2 \
  -AIDLOC=08000h-08003h -DIDLOC=2 -AEEDATA=00h-0FFh/0F000h \
  -peeprom_data=EEDATA -DEEDATA=2 -DCODE=2 -DSTRCODE=2 -DSTRING=2 -DCONST=2 \
  -DENTRY=2 -preset_vec=00h,intentry,init,end_init -ppowerup=CODE \
  -pcinit=CODE -pfunctab=ENTRY -k \
  C:\Users\fesig\AppData\Local\Temp\xcAsno4.o \
  dist/default/production\Practica_1.X.production.o 

Object code version is 3.11

Machine type is 16F1827



                Name                               Link     Load   Length Selector   Space Scale
C:\Users\fesig\AppData\Local\Temp\xcAsno4.o
                end_init                             40       40        3        0       0
                reset_vec                             0        0        2        0       0
                config                             8007     8007        2        0       4
dist/default/production\Practica_1.X.production.o
                cinit                               7ED      7ED       13      FDA       0
                intentry                              2        2       3E        0       0
                config                             8007     8007        2        0       4
                text20                              668      668        1      CD0       0
                text18                              682      682        6      D04       0
                text17                              68E      68E        7      D1C       0
                text16                              6BD      6BD        D      D7A       0
                text15                              669      669        3      CD2       0
                text14                              69D      69D        A      D3A       0
                text13                              6D7      6D7        F      DAE       0
                text12                              695      695        8      D2A       0
                text11                              673      673        5      CE6       0
                text10                              678      678        5      CF0       0
                text9                               67D      67D        5      CFA       0
                text8                               710      710       22      E20       0
                text7                               6B1      6B1        C      D62       0
                text6                               6F9      6F9       17      DF2       0
                text5                               6A7      6A7        A      D4E       0
                text4                               66F      66F        4      CDE       0
                text3                               6E6      6E6       13      DCC       0
                text2                               6CA      6CA        D      D94       0
                text1                               66C      66C        3      CD8       0
                maintext                            732      732       BB      E64       0
                cstackBANK0                          20       20       1A       20       1
                cstackCOMMON                         77       77        6       70       1
                clrtext                             688      688        6      D10       0
                bssBANK0                             3A       3A        D       20       1
                bssCOMMON                            70       70        7       70       1

TOTAL           Name                               Link     Load   Length     Space
        CLASS   CODE           
                end_init                             40       40        3         0
                cinit                               7ED      7ED       13         0
                intentry                              2        2       3E         0
                reset_vec                             0        0        2         0
                text20                              668      668        1         0
                text18                              682      682        6         0
                text17                              68E      68E        7         0
                text16                              6BD      6BD        D         0
                text15                              669      669        3         0
                text14                              69D      69D        A         0
                text13                              6D7      6D7        F         0
                text12                              695      695        8         0
                text11                              673      673        5         0
                text10                              678      678        5         0
                text9                               67D      67D        5         0
                text8                               710      710       22         0
                text7                               6B1      6B1        C         0
                text6                               6F9      6F9       17         0
                text5                               6A7      6A7        A         0
                text4                               66F      66F        4         0
                text3                               6E6      6E6       13         0
                text2                               6CA      6CA        D         0
                text1                               66C      66C        3         0
                maintext                            732      732       BB         0
                clrtext                             688      688        6         0

        CLASS   STRCODE        

        CLASS   STRING         

        CLASS   CONST          

        CLASS   ENTRY          

        CLASS   COMMON         
                cstackCOMMON                         77       77        6         1
                bssCOMMON                            70       70        7         1

        CLASS   BANK0          
                cstackBANK0                          20       20       1A         1
                bssBANK0                             3A       3A        D         1

        CLASS   BANK1          

        CLASS   BANK2          

        CLASS   BANK3          

        CLASS   BANK4          

        CLASS   BIGRAM         

        CLASS   RAM            

        CLASS   ABS1           
                abs_s1                               7E       7E        2         1

        CLASS   SFR0           

        CLASS   SFR1           

        CLASS   SFR2           

        CLASS   SFR3           

        CLASS   SFR4           

        CLASS   SFR5           

        CLASS   SFR6           

        CLASS   SFR7           

        CLASS   SFR8           

        CLASS   SFR9           

        CLASS   SFR10          

        CLASS   SFR11          

        CLASS   SFR12          

        CLASS   SFR13          

        CLASS   SFR14          

        CLASS   SFR15          

        CLASS   SFR16          

        CLASS   SFR17          

        CLASS   SFR18          

        CLASS   SFR19          

        CLASS   SFR20          

        CLASS   SFR21          

        CLASS   SFR22          

        CLASS   SFR23          

        CLASS   SFR24          

        CLASS   SFR25          

        CLASS   SFR26          

        CLASS   SFR27          

        CLASS   SFR28          

        CLASS   SFR29          

        CLASS   SFR30          

        CLASS   SFR31          

        CLASS   CONFIG         
                config                             8007     8007        2         4

        CLASS   IDLOC          

        CLASS   EEDATA         

        CLASS   BANK31         

        CLASS   BANK30         

        CLASS   BANK29         

        CLASS   BANK28         

        CLASS   BANK27         

        CLASS   BANK26         

        CLASS   BANK25         

        CLASS   BANK24         

        CLASS   BANK23         

        CLASS   BANK22         

        CLASS   BANK21         

        CLASS   BANK20         

        CLASS   BANK19         

        CLASS   BANK18         

        CLASS   BANK17         

        CLASS   BANK16         

        CLASS   BANK15         

        CLASS   BANK14         

        CLASS   BANK13         

        CLASS   BANK12         

        CLASS   BANK11         

        CLASS   BANK10         

        CLASS   BANK9          

        CLASS   BANK8          

        CLASS   BANK7          

        CLASS   BANK6          

        CLASS   BANK5          

        CLASS   STACK          



SEGMENTS        Name                           Load    Length   Top    Selector   Space  Class     Delta

                reset_vec                      000000  000043  000043         0       0  CODE        2
                cstackBANK0                    000020  000027  000047        20       1  BANK0       1
                bssCOMMON                      000070  00000D  00007D        70       1  COMMON      1
                text20                         000668  000001  000669       CD0       0  CODE        2
                text15                         000669  000003  00066C       CD2       0  CODE        2
                text1                          00066C  000003  00066F       CD8       0  CODE        2
                text4                          00066F  000004  000673       CDE       0  CODE        2
                text11                         000673  000005  000678       CE6       0  CODE        2
                text10                         000678  000005  00067D       CF0       0  CODE        2
                text9                          00067D  000005  000682       CFA       0  CODE        2
                text18                         000682  000006  000688       D04       0  CODE        2
                clrtext                        000688  000006  00068E       D10       0  CODE        2
                text17                         00068E  000007  000695       D1C       0  CODE        2
                text12                         000695  000008  00069D       D2A       0  CODE        2
                text14                         00069D  00000A  0006A7       D3A       0  CODE        2
                text5                          0006A7  00000A  0006B1       D4E       0  CODE        2
                text7                          0006B1  00000C  0006BD       D62       0  CODE        2
                text16                         0006BD  00000D  0006CA       D7A       0  CODE        2
                text2                          0006CA  00000D  0006D7       D94       0  CODE        2
                text13                         0006D7  00000F  0006E6       DAE       0  CODE        2
                text3                          0006E6  000013  0006F9       DCC       0  CODE        2
                text6                          0006F9  000017  000710       DF2       0  CODE        2
                text8                          000710  000022  000732       E20       0  CODE        2
                maintext                       000732  0000BB  0007ED       E64       0  CODE        2
                cinit                          0007ED  000013  000800       FDA       0  CODE        2


UNUSED ADDRESS RANGES

        Name                Unused          Largest block    Delta
        BANK0            00047-0006F              29           1
        BANK1            000A0-000EF              50           1
        BANK2            00120-0016F              50           1
        BANK3            001A0-001EF              50           1
        BANK4            00220-0024F              30           1
        BIGRAM           02000-0216F             170           1
        CODE             00043-00667             625           2
                         00800-00FFF             800
        COMMON           0007D-0007D               1           1
        CONST            00043-00667             100           2
                         00800-00FFF             100
        EEDATA           0F000-0F0FF             100           2
        ENTRY            00043-00667             100           2
                         00800-00FFF             100
        IDLOC            08000-08003               4           2
        RAM              00047-0006F              29           1
                         000A0-000EF              50
                         00120-0016F              50
                         001A0-001EF              50
                         00220-0024F              30
        SFR0             00000-0001F              20           1
        SFR1             00080-0009F              20           1
        SFR10            00500-0056F              70           1
        SFR11            00580-005EF              70           1
        SFR12            00600-0066F              70           1
        SFR13            00680-006EF              70           1
        SFR14            00700-0076F              70           1
        SFR15            00780-007EF              70           1
        SFR16            00800-0086F              70           1
        SFR17            00880-008EF              70           1
        SFR18            00900-0096F              70           1
        SFR19            00980-009EF              70           1
        SFR2             00100-0011F              20           1
        SFR20            00A00-00A6F              70           1
        SFR21            00A80-00AEF              70           1
        SFR22            00B00-00B6F              70           1
        SFR23            00B80-00BEF              70           1
        SFR24            00C00-00C6F              70           1
        SFR25            00C80-00CEF              70           1
        SFR26            00D00-00D6F              70           1
        SFR27            00D80-00DEF              70           1
        SFR28            00E00-00E6F              70           1
        SFR29            00E80-00EEF              70           1
        SFR3             00180-0019F              20           1
        SFR30            00F00-00F6F              70           1
        SFR31            00F80-00FEF              70           1
        SFR4             00200-0021F              20           1
        SFR5             00280-002EF              70           1
        SFR6             00300-0036F              70           1
        SFR7             00380-003EF              70           1
        SFR8             00400-0046F              70           1
        SFR9             00480-004EF              70           1
        STRCODE          00043-00667             625           2
                         00800-00FFF             800
        STRING           00043-00667             100           2
                         00800-00FFF             100

                                  Symbol Table

_Ds_Conversor_ADC                                                
_Ds_Convertir_en_uni_deci_centi                                  
_Ds_Iniciar_displays                                             
_Ds_Procese_displays                                             
_EUSART_DefaultErrorHandler                    (abs)        00000
_EUSART_DefaultFramingErrorHandler             (abs)        00000
_EUSART_DefaultOverrunErrorHandler             (abs)        00000
_EUSART_RxDefaultInterruptHandler                                
_EUSART_TxDefaultInterruptHandler                                
_TMR6_ISR                                                        
_Tm_Baje_periodico                                               
_Tm_Hubo_periodico                                               
_Tm_Inicie_periodico                                             
_Tm_Procese_tiempo                                               
__Habs1                                        abs1         00000
__Hbank0                                       bank0        00000
__Hbank1                                       bank1        00000
__Hbank10                                      bank10       00000
__Hbank11                                      bank11       00000
__Hbank12                                      bank12       00000
__Hbank13                                      bank13       00000
__Hbank14                                      bank14       00000
__Hbank15                                      bank15       00000
__Hbank16                                      bank16       00000
__Hbank17                                      bank17       00000
__Hbank18                                      bank18       00000
__Hbank19                                      bank19       00000
__Hbank2                                       bank2        00000
__Hbank20                                      bank20       00000
__Hbank21                                      bank21       00000
__Hbank22                                      bank22       00000
__Hbank23                                      bank23       00000
__Hbank24                                      bank24       00000
__Hbank25                                      bank25       00000
__Hbank26                                      bank26       00000
__Hbank27                                      bank27       00000
__Hbank28                                      bank28       00000
__Hbank29                                      bank29       00000
__Hbank3                                       bank3        00000
__Hbank30                                      bank30       00000
__Hbank31                                      bank31       00000
__Hbank4                                       bank4        00000
__Hbank5                                       bank5        00000
__Hbank6                                       bank6        00000
__Hbank7                                       bank7        00000
__Hbank8                                       bank8        00000
__Hbank9                                       bank9        00000
__Hbigram                                      bigram       00000
__HbssBANK0                                    bssBANK0     00000
__HbssCOMMON                                   bssCOMMON    00000
__Hclrtext                                     clrtext      00000
__Hcode                                        code         00000
__Hcommon                                      common       00000
__HcstackBANK0                                 cstackBANK0  00000
__HcstackCOMMON                                cstackCOMMON 00000
__Heeprom_data                                 eeprom_data  00000
__Hfunctab                                     functab      00000
__Hmaintext                                    maintext     00000
__Hpowerup                                     powerup      00000
__Hram                                         ram          00000
__Hsfr0                                        sfr0         00000
__Hsfr1                                        sfr1         00000
__Hsfr10                                       sfr10        00000
__Hsfr11                                       sfr11        00000
__Hsfr12                                       sfr12        00000
__Hsfr13                                       sfr13        00000
__Hsfr14                                       sfr14        00000
__Hsfr15                                       sfr15        00000
__Hsfr16                                       sfr16        00000
__Hsfr17                                       sfr17        00000
__Hsfr18                                       sfr18        00000
__Hsfr19                                       sfr19        00000
__Hsfr2                                        sfr2         00000
__Hsfr20                                       sfr20        00000
__Hsfr21                                       sfr21        00000
__Hsfr22                                       sfr22        00000
__Hsfr23                                       sfr23        00000
__Hsfr24                                       sfr24        00000
__Hsfr25                                       sfr25        00000
__Hsfr26                                       sfr26        00000
__Hsfr27                                       sfr27        00000
__Hsfr28                                       sfr28        00000
__Hsfr29                                       sfr29        00000
__Hsfr3                                        sfr3         00000
__Hsfr30                                       sfr30        00000
__Hsfr31                                       sfr31        00000
__Hsfr4                                        sfr4         00000
__Hsfr5                                        sfr5         00000
__Hsfr6                                        sfr6         00000
__Hsfr7                                        sfr7         00000
__Hsfr8                                        sfr8         00000
__Hsfr9                                        sfr9         00000
__Hspace_2                                     (abs)        00000
__Hspace_3                                     (abs)        00000
__Hstack                                       stack        00000
__Hstrings                                     strings      00000
__Htext                                        text         00000
__Labs1                                        abs1         00000
__Lbank0                                       bank0        00000
__Lbank1                                       bank1        00000
__Lbank10                                      bank10       00000
__Lbank11                                      bank11       00000
__Lbank12                                      bank12       00000
__Lbank13                                      bank13       00000
__Lbank14                                      bank14       00000
__Lbank15                                      bank15       00000
__Lbank16                                      bank16       00000
__Lbank17                                      bank17       00000
__Lbank18                                      bank18       00000
__Lbank19                                      bank19       00000
__Lbank2                                       bank2        00000
__Lbank20                                      bank20       00000
__Lbank21                                      bank21       00000
__Lbank22                                      bank22       00000
__Lbank23                                      bank23       00000
__Lbank24                                      bank24       00000
__Lbank25                                      bank25       00000
__Lbank26                                      bank26       00000
__Lbank27                                      bank27       00000
__Lbank28                                      bank28       00000
__Lbank29                                      bank29       00000
__Lbank3                                       bank3        00000
__Lbank30                                      bank30       00000
__Lbank31                                      bank31       00000
__Lbank4                                       bank4        00000
__Lbank5                                       bank5        00000
__Lbank6                                       bank6        00000
__Lbank7                                       bank7        00000
__Lbank8                                       bank8        00000
__Lbank9                                       bank9        00000
__Lbigram                                      bigram       00000
__LbssBANK0                                    bssBANK0     00000
__LbssCOMMON                                   bssCOMMON    00000
__Lclrtext                                     clrtext      00000
__Lcode                                        code         00000
__Lcommon                                      common       00000
__Lconfig                                      config       00000
__LcstackBANK0                                 cstackBANK0  00000
__LcstackCOMMON                                cstackCOMMON 00000
__Leeprom_data                                 eeprom_data  00000
__Lfunctab                                     functab      00000
__Lmaintext                                    maintext     00000
__Lpowerup                                     powerup      00000
__Lram                                         ram          00000
__Lreset_vec                                   reset_vec    00000
__Lsfr0                                        sfr0         00000
__Lsfr1                                        sfr1         00000
__Lsfr10                                       sfr10        00000
__Lsfr11                                       sfr11        00000
__Lsfr12                                       sfr12        00000
__Lsfr13                                       sfr13        00000
__Lsfr14                                       sfr14        00000
__Lsfr15                                       sfr15        00000
__Lsfr16                                       sfr16        00000
__Lsfr17                                       sfr17        00000
__Lsfr18                                       sfr18        00000
__Lsfr19                                       sfr19        00000
__Lsfr2                                        sfr2         00000
__Lsfr20                                       sfr20        00000
__Lsfr21                                       sfr21        00000
__Lsfr22                                       sfr22        00000
__Lsfr23                                       sfr23        00000
__Lsfr24                                       sfr24        00000
__Lsfr25                                       sfr25        00000
__Lsfr26                                       sfr26        00000
__Lsfr27                                       sfr27        00000
__Lsfr28                                       sfr28        00000
__Lsfr29                                       sfr29        00000
__Lsfr3                                        sfr3         00000
__Lsfr30                                       sfr30        00000
__Lsfr31                                       sfr31        00000
__Lsfr4                                        sfr4         00000
__Lsfr5                                        sfr5         00000
__Lsfr6                                        sfr6         00000
__Lsfr7                                        sfr7         00000
__Lsfr8                                        sfr8         00000
__Lsfr9                                        sfr9         00000
__Lspace_0                                     (abs)        00000
__Lspace_1                                     (abs)        00000
__Lspace_2                                     (abs)        00000
__Lspace_3                                     (abs)        00000
__Lspace_4                                     (abs)        00000
__Lstack                                       stack        00000
__Lstrings                                     strings      00000
__Ltext                                        text         00000
__S3                                           (abs)        00000
___int_sp                                      stack        00000
___sp                                          stack        00000
___stackhi                                     (abs)        00000
___stacklo                                     (abs)        00000
__size_of_ADC_GetConversionResult              (abs)        00000
__size_of_ADC_Initialize                       (abs)        00000
__size_of_ADC_IsConversionDone                 (abs)        00000
__size_of_ADC_SelectChannel                    (abs)        00000
__size_of_ADC_StartConversion                  (abs)        00000
__size_of_EUSART_Initialize                    (abs)        00000
__size_of_EUSART_SetErrorHandler               (abs)        00000
__size_of_EUSART_SetFramingErrorHandler        (abs)        00000
__size_of_EUSART_SetOverrunErrorHandler        (abs)        00000
__size_of_EUSART_Write                         (abs)        00000
__size_of_EUSART_is_tx_ready                   (abs)        00000
__size_of_INTERRUPT_InterruptManager           (abs)        00000
__size_of_OSCILLATOR_Initialize                (abs)        00000
__size_of_PIN_MANAGER_IOC                      (abs)        00000
__size_of_PIN_MANAGER_Initialize               (abs)        00000
__size_of_SYSTEM_Initialize                    (abs)        00000
__size_of_TMR6_HasOverflowOccured              (abs)        00000
__size_of_TMR6_Initialize                      (abs)        00000
__size_of_TMR6_StartTimer                      (abs)        00000
__size_of_WDT_Initialize                       (abs)        00000
__size_of_main                                 (abs)        00000
intlevel0                                      functab      00000
intlevel1                                      functab      00000
intlevel2                                      functab      00000
intlevel3                                      functab      00000
intlevel4                                      functab      00000
intlevel5                                      functab      00000
reset_vec                                      reset_vec    00000
___latbits                                     (abs)        00001
_INTERRUPT_InterruptManager                    intentry     00002
__Hreset_vec                                   reset_vec    00002
__Lintentry                                    intentry     00002
__pintentry                                    intentry     00002
_INTCONbits                                    (abs)        0000B
_PIR1bits                                      (abs)        00011
_PIR3bits                                      (abs)        00013
__pcstackBANK0                                 cstackBANK0  00020
main@timer_1000ms                              cstackBANK0  00020
main@timer_1ms                                 cstackBANK0  00029
main@seven_seg                                 cstackBANK0  00032
_Pack                                          bssBANK0     0003A
__pbssBANK0                                    bssBANK0     0003A
_volt_ADC                                      bssBANK0     00040
_valor_ADC                                     bssBANK0     00042
_EUSART_ErrorHandler                           bssCOMMON    00070
__pbssCOMMON                                   bssCOMMON    00070
_EUSART_OverrunErrorHandler                    bssCOMMON    00072
_EUSART_FramingErrorHandler                    bssCOMMON    00074
_eusartRxLastError                             bssCOMMON    00076
?_ADC_GetConversionResult                      cstackCOMMON 00077
EUSART_SetErrorHandler@interruptHandler        cstackCOMMON 00077
EUSART_SetFramingErrorHandler@interruptHandler cstackCOMMON 00077
EUSART_SetOverrunErrorHandler@interruptHandler cstackCOMMON 00077
EUSART_Write@txData                            cstackCOMMON 00077
TMR6_HasOverflowOccured@status                 cstackCOMMON 00077
_Ds_Conversor_ADC$0                            cstackCOMMON 00077
_Ds_Convertir_en_uni_deci_centi$0              cstackCOMMON 00077
_Ds_Convertir_en_uni_deci_centi$1              cstackCOMMON 00077
_Ds_Iniciar_displays$0                         cstackCOMMON 00077
_Ds_Iniciar_displays$1                         cstackCOMMON 00077
_Ds_Procese_displays$0                         cstackCOMMON 00077
_EUSART_is_tx_ready$385                        cstackCOMMON 00077
_Tm_Baje_periodico$0                           cstackCOMMON 00077
_Tm_Hubo_periodico$0                           cstackCOMMON 00077
_Tm_Inicie_periodico$0                         cstackCOMMON 00077
_Tm_Inicie_periodico$1                         cstackCOMMON 00077
_Tm_Procese_tiempo$0                           cstackCOMMON 00077
__pcstackCOMMON                                cstackCOMMON 00077
ADC_SelectChannel@channel                      cstackCOMMON 00078
_Ds_Iniciar_displays$2                         cstackCOMMON 00078
_Ds_Iniciar_displays$3                         cstackCOMMON 00079
_Ds_Iniciar_displays$4                         cstackCOMMON 0007A
_Ds_Iniciar_displays$5                         cstackCOMMON 0007B
__Hspace_1                                     (abs)        0007D
__S1                                           (abs)        0007D
btemp                                          (abs)        0007E
int$flags                                      (abs)        0007E
__Hinit                                        init         00040
__Hintentry                                    intentry     00040
__Lend_init                                    end_init     00040
__Linit                                        init         00040
__end_of_INTERRUPT_InterruptManager            intentry     00040
__Hend_init                                    end_init     00043
_TRISA                                         (abs)        0008C
_TRISB                                         (abs)        0008D
_PIE1bits                                      (abs)        00091
_PIE3bits                                      (abs)        00093
_OPTION_REGbits                                (abs)        00095
_WDTCON                                        (abs)        00097
_OSCTUNE                                       (abs)        00098
_OSCCON                                        (abs)        00099
_ADRESL                                        (abs)        0009B
_ADRESH                                        (abs)        0009C
_ADCON0                                        (abs)        0009D
_ADCON0bits                                    (abs)        0009D
_ADCON1                                        (abs)        0009E
_LATA                                          (abs)        0010C
_LATB                                          (abs)        0010D
_BORCON                                        (abs)        00116
_APFCON0                                       (abs)        0011D
_APFCON1                                       (abs)        0011E
_ANSELA                                        (abs)        0018C
_ANSELB                                        (abs)        0018D
_RCREG                                         (abs)        00199
_TXREG                                         (abs)        0019A
_SPBRGL                                        (abs)        0019B
_SPBRGH                                        (abs)        0019C
_RCSTA                                         (abs)        0019D
_RCSTAbits                                     (abs)        0019D
_TXSTA                                         (abs)        0019E
_TXSTAbits                                     (abs)        0019E
_BAUDCON                                       (abs)        0019F
_WPUA                                          (abs)        0020C
_WPUB                                          (abs)        0020D
_TMR6                                          (abs)        0041C
_PR6                                           (abs)        0041D
_T6CON                                         (abs)        0041E
_T6CONbits                                     (abs)        0041E
_PLLR                                          (abs)        004D6
__Hspace_0                                     (abs)        00800
__S0                                           (abs)        00800
_PIN_MANAGER_IOC                               text20       00668
__ptext20                                      text20       00668
_ADC_StartConversion                           text15       00669
__end_of_PIN_MANAGER_IOC                       text20       00669
__ptext15                                      text15       00669
_TMR6_StartTimer                               text1        0066C
__end_of_ADC_StartConversion                   text15       0066C
__ptext1                                       text1        0066C
_WDT_Initialize                                text4        0066F
__end_of_TMR6_StartTimer                       text1        0066F
__ptext4                                       text4        0066F
_EUSART_SetErrorHandler                        text11       00673
__end_of_WDT_Initialize                        text4        00673
__ptext11                                      text11       00673
_EUSART_SetFramingErrorHandler                 text10       00678
__end_of_EUSART_SetErrorHandler                text11       00678
__ptext10                                      text10       00678
_EUSART_SetOverrunErrorHandler                 text9        0067D
__end_of_EUSART_SetFramingErrorHandler         text10       0067D
__ptext9                                       text9        0067D
_ADC_GetConversionResult                       text18       00682
__end_of_EUSART_SetOverrunErrorHandler         text9        00682
__ptext18                                      text18       00682
__end_of_ADC_GetConversionResult               text18       00688
_ADC_IsConversionDone                          text17       0068E
__ptext17                                      text17       0068E
_ADC_Initialize                                text12       00695
__end_of_ADC_IsConversionDone                  text17       00695
__ptext12                                      text12       00695
_EUSART_Write                                  text14       0069D
__end_of_ADC_Initialize                        text12       0069D
__ptext14                                      text14       0069D
_TMR6_Initialize                               text5        006A7
__end_of_EUSART_Write                          text14       006A7
__ptext5                                       text5        006A7
_OSCILLATOR_Initialize                         text7        006B1
__end_of_TMR6_Initialize                       text5        006B1
__ptext7                                       text7        006B1
_ADC_SelectChannel                             text16       006BD
__end_of_OSCILLATOR_Initialize                 text7        006BD
__ptext16                                      text16       006BD
_TMR6_HasOverflowOccured                       text2        006CA
__end_of_ADC_SelectChannel                     text16       006CA
__ptext2                                       text2        006CA
_EUSART_is_tx_ready                            text13       006D7
__end_of_TMR6_HasOverflowOccured               text2        006D7
__ptext13                                      text13       006D7
_SYSTEM_Initialize                             text3        006E6
__end_of_EUSART_is_tx_ready                    text13       006E6
__ptext3                                       text3        006E6
_PIN_MANAGER_Initialize                        text6        006F9
__end_of_SYSTEM_Initialize                     text3        006F9
__ptext6                                       text6        006F9
_EUSART_Initialize                             text8        00710
__end_of_PIN_MANAGER_Initialize                text6        00710
__ptext8                                       text8        00710
__end_of_EUSART_Initialize                     text8        00732
__pmaintext                                    maintext     00732
_main                                          maintext     00732
__Lcinit                                       cinit        007ED
__end_of_main                                  maintext     007ED
__initialization                               cinit        007ED
__end_of__initialization                       cinit        007FC
__Hcinit                                       cinit        00800
__Hspace_4                                     (abs)        10010
__Hconfig                                      config       08009
start                                          init         00040
clear_ram0                                     clrtext      00688
end_of_initialization                          cinit        007FC
start_initialization                           cinit        007ED
wtemp0                                         (abs)        0007E
