Microchip MPLAB XC8 Compiler V2.32

Linker command line:

-W-3 --edf=C:\Program Files\Microchip\xc8\v2.32\pic\dat\en_msgs.txt -cn \
  -h+dist/default/production\I2C_Proyecto_3.X.production.sym \
  --cmf=dist/default/production\I2C_Proyecto_3.X.production.cmf -z \
  -Q18F46K40 -oC:\Users\MARIAF~1\AppData\Local\Temp\xcAsa60.4 \
  --defsym=__MPLAB_BUILD=1 \
  -Mdist/default/production/I2C_Proyecto_3.X.production.map -E1 \
  -ver=XC8 Compiler --acfsm=1493 -ASTACK=021Eh-0E87h -pstack=STACK \
  -ACODE=00h-0FFFFh -ACONST=00h-0FFFFh -ASMALLCONST=0F00h-0FFFhx241 \
  -AMEDIUMCONST=0F00h-0FFFFh -ACOMRAM=01h-05Fh -AABS1=00h-0E87h \
  -ABIGRAM=01h-0E87h -ARAM=060h-0FFh,0100h-01FFhx13,0E00h-0E87h \
  -ABANK0=060h-0FFh -ABANK1=0100h-01FFh -ABANK2=0200h-02FFh \
  -ABANK3=0300h-03FFh -ABANK4=0400h-04FFh -ABANK5=0500h-05FFh \
  -ABANK6=0600h-06FFh -ABANK7=0700h-07FFh -ABANK8=0800h-08FFh \
  -ABANK9=0900h-09FFh -ABANK10=0A00h-0AFFh -ABANK11=0B00h-0BFFh \
  -ABANK12=0C00h-0CFFh -ABANK13=0D00h-0DFFh -ABANK14=0E00h-0E87h \
  -ASFR=0E8Dh-0EFFh,0F00h-0F5Fh,0F60h-0FFFh -ACONFIG=0300000h-030000Bh \
  -AIDLOC=0200000h-020000Fh -AEEDATA=0310000h-03103FFh -peeprom_data=EEDATA \
  -preset_vec=00h,intcode=08h,intcodelo,powerup,init -pramtop=0F00h \
  -psmallconst=SMALLCONST -pmediumconst=MEDIUMCONST -pconst=CONST \
  -AFARRAM=00h-00h \
  -prdata=COMRAM,nvrram=COMRAM,nvbit=COMRAM,rbss=COMRAM,rbit=COMRAM \
  -pfarbss=FARRAM,fardata=FARRAM,nvFARRAM=FARRAM \
  -pintsave_regs=BIGRAM,bigbss=BIGRAM,bigdata=BIGRAM -pbss=RAM \
  -pidata=CODE,irdata=CODE,ibigdata=CODE,ifardata=CODE -prparam=COMRAM \
  C:\Users\MARIAF~1\AppData\Local\Temp\xcAsa60.o \
  dist/default/production\I2C_Proyecto_3.X.production.o 

Object code version is 3.11

Machine type is 18F46K40



                Name                               Link     Load   Length Selector   Space Scale
C:\Users\MARIAF~1\AppData\Local\Temp\xcAsa60.o
                idloc                            200000   200000       10        0       5
                config                           300000   300000        C        0       4
                init                                 B2       B2        4        4       0
                reset_vec                             0        0        4        0       0
dist/default/production\I2C_Proyecto_3.X.production.o
                intcode                               8        8       AA        4       0
                idloc                            200000   200000       10        0       5
                config                           300000   300000        C        0       4
                temp                                 5A       5A        1        1       1
                mediumconst                        FECA     FECA      136     7F65       0
                text100                            21B6     21B6       44        4       0
                text99                             2048     2048       54        4       0
                text98                             24E8     24E8       2A        4       0
                text97                             27AE     27AE        6     1355       0
                text96                             27D8     27D8        2     1355       0
                text95                             27A8     27A8        6     1355       0
                text94                             2686     2686       12        4       0
                text93                             18D0     18D0       BE        4       0
                text91                             27A2     27A2        6     1355       0
                text90                             27D4     27D4        4     1355       0
                text89                             279C     279C        6     1355       0
                text88                             24BC     24BC       2C        4       0
                text87                             27D0     27D0        4     1355       0
                text86                             27CC     27CC        4     1355       0
                text85                             27C8     27C8        4     1355       0
                text84                             253A     253A       24        4       0
                text83                             1D7E     1D7E       7A        4       0
                text82                             2608     2608       18        4       0
                text81                             2490     2490       2C        4       0
                text80                             2464     2464       2C        4       0
                text79                             2438     2438       2C        4       0
                text78                             240C     240C       2C        4       0
                text77                             23E0     23E0       2C        4       0
                text76                             223A     223A       40        4       0
                text75                             23B4     23B4       2C        4       0
                text74                             2388     2388       2C        4       0
                text73                             235C     235C       2C        4       0
                text72                             21FA     21FA       40        4       0
                text71                             27C4     27C4        4     1355       0
                text70                             27C0     27C0        4     1355       0
                text69                             27BC     27BC        4     1355       0
                text68                             2796     2796        6     1355       0
                text67                             27B8     27B8        4     1355       0
                text66                             2790     2790        6     1355       0
                text65                             2782     2782        8     1355       0
                text64                             2660     2660       14        4       0
                text63                             278A     278A        6     1355       0
                text62                             1D02     1D02       7C        4       0
                text61                             26E2     26E2        C     1355       0
                text60                             26BA     26BA       10     1355       0
                text59                             26AA     26AA       10     1355       0
                text58                             180C     180C       C4        4       0
                text57                             198E     198E       A6        4       0
                text56                             26D6     26D6        C     1355       0
                text55                             277A     277A        8     1355       0
                text54                             2772     2772        8     1355       0
                text53                             276A     276A        8     1355       0
                text52                             2762     2762        8     1355       0
                text51                             275A     275A        8     1355       0
                text50                             2752     2752        8     1355       0
                text49                             274A     274A        8     1355       0
                text48                             26CA     26CA        C     1355       0
                text47                             1E68     1E68       66        4       0
                text46                             1DF8     1DF8       70        4       0
                text45                             2674     2674       12        4       0
                text44                             259E     259E       1E        4       0
                text43                             2172     2172       44        4       0
                text42                             2742     2742        8     1355       0
                text41                             255E     255E       22        4       0
                text40                             1BF8     1BF8       8E        4       0
                text39                             20E8     20E8       46        4       0
                text38                             273A     273A        8     1355       0
                text37                             25F0     25F0       18        4       0
                text36                             1FEE     1FEE       5A        4       0
                text35                             227A     227A       3C        4       0
                text34                             22EE     22EE       38        4       0
                text33                             1F90     1F90       5E        4       0
                text32                             2720     2720        A     1355       0
                text31                             1AD2     1AD2       96        4       0
                text30                             212E     212E       44        4       0
                text29                             2326     2326       36        4       0
                text28                             1746     1746       C6        4       0
                text27                             22B6     22B6       38        4       0
                text26                             1F32     1F32       5E        4       0
                text25                              E32      E32      2DA        4       0
                text24                             110C     110C      1DC        4       0
                text23                             1ECE     1ECE       64        4       0
                text22                             2512     2512       28        4       0
                text21                             1A34     1A34       9E        4       0
                text20                             14A0     14A0       EE        4       0
                text19                             166C     166C       DA        4       0
                text18                             158E     158E       DE        4       0
                text17                               B6       B6      D7C        4       0
                text16                             2716     2716        A     1355       0
                text15                             270C     270C        A     1355       0
                text14                             2702     2702        A     1355       0
                text13                             26F8     26F8        A     1355       0
                text12                             26EE     26EE        A     1355       0
                text11                             1C86     1C86       7C        4       0
                text10                             264C     264C       14        4       0
                text9                              27B4     27B4        4     1355       0
                text8                              25D8     25D8       18        4       0
                text7                              1B68     1B68       90        4       0
                text6                              25BC     25BC       1C        4       0
                text5                              2636     2636       16        4       0
                text4                              2580     2580       1E        4       0
                text3                              2620     2620       16        4       0
                text2                              2732     2732        8     1355       0
                text1                              272A     272A        8     1355       0
                text0                              12E8     12E8      1B8        4       0
                cstackCOMRAM                          1        1       54        1       1
                cstackBANK0                          60       60       50       60       1
                cstackBANK2                         200      200       1E      200       1
                dataBANK1                           1E0      1E0       11      100       1
                bssBANK1                            100      100       E0      100       1
                bssBANK0                             B0       B0       2F       60       1
                bssCOMRAM                            55       55        5        1       1
                cinit                              209C     209C       4C        4       0
                nvBANK1                             1F1      1F1        4      100       1
                nvBANK0                              DF       DF        7       60       1
                idataBANK1                         2698     2698       11        4       0

TOTAL           Name                               Link     Load   Length     Space
        CLASS   STACK          

        CLASS   CODE           
                intcode                               8        8       AA         0
                init                                 B2       B2        4         0
                reset_vec                             0        0        4         0
                text100                            21B6     21B6       44         0
                text99                             2048     2048       54         0
                text98                             24E8     24E8       2A         0
                text97                             27AE     27AE        6         0
                text96                             27D8     27D8        2         0
                text95                             27A8     27A8        6         0
                text94                             2686     2686       12         0
                text93                             18D0     18D0       BE         0
                text91                             27A2     27A2        6         0
                text90                             27D4     27D4        4         0
                text89                             279C     279C        6         0
                text88                             24BC     24BC       2C         0
                text87                             27D0     27D0        4         0
                text86                             27CC     27CC        4         0
                text85                             27C8     27C8        4         0
                text84                             253A     253A       24         0
                text83                             1D7E     1D7E       7A         0
                text82                             2608     2608       18         0
                text81                             2490     2490       2C         0
                text80                             2464     2464       2C         0
                text79                             2438     2438       2C         0
                text78                             240C     240C       2C         0
                text77                             23E0     23E0       2C         0
                text76                             223A     223A       40         0
                text75                             23B4     23B4       2C         0
                text74                             2388     2388       2C         0
                text73                             235C     235C       2C         0
                text72                             21FA     21FA       40         0
                text71                             27C4     27C4        4         0
                text70                             27C0     27C0        4         0
                text69                             27BC     27BC        4         0
                text68                             2796     2796        6         0
                text67                             27B8     27B8        4         0
                text66                             2790     2790        6         0
                text65                             2782     2782        8         0
                text64                             2660     2660       14         0
                text63                             278A     278A        6         0
                text62                             1D02     1D02       7C         0
                text61                             26E2     26E2        C         0
                text60                             26BA     26BA       10         0
                text59                             26AA     26AA       10         0
                text58                             180C     180C       C4         0
                text57                             198E     198E       A6         0
                text56                             26D6     26D6        C         0
                text55                             277A     277A        8         0
                text54                             2772     2772        8         0
                text53                             276A     276A        8         0
                text52                             2762     2762        8         0
                text51                             275A     275A        8         0
                text50                             2752     2752        8         0
                text49                             274A     274A        8         0
                text48                             26CA     26CA        C         0
                text47                             1E68     1E68       66         0
                text46                             1DF8     1DF8       70         0
                text45                             2674     2674       12         0
                text44                             259E     259E       1E         0
                text43                             2172     2172       44         0
                text42                             2742     2742        8         0
                text41                             255E     255E       22         0
                text40                             1BF8     1BF8       8E         0
                text39                             20E8     20E8       46         0
                text38                             273A     273A        8         0
                text37                             25F0     25F0       18         0
                text36                             1FEE     1FEE       5A         0
                text35                             227A     227A       3C         0
                text34                             22EE     22EE       38         0
                text33                             1F90     1F90       5E         0
                text32                             2720     2720        A         0
                text31                             1AD2     1AD2       96         0
                text30                             212E     212E       44         0
                text29                             2326     2326       36         0
                text28                             1746     1746       C6         0
                text27                             22B6     22B6       38         0
                text26                             1F32     1F32       5E         0
                text25                              E32      E32      2DA         0
                text24                             110C     110C      1DC         0
                text23                             1ECE     1ECE       64         0
                text22                             2512     2512       28         0
                text21                             1A34     1A34       9E         0
                text20                             14A0     14A0       EE         0
                text19                             166C     166C       DA         0
                text18                             158E     158E       DE         0
                text17                               B6       B6      D7C         0
                text16                             2716     2716        A         0
                text15                             270C     270C        A         0
                text14                             2702     2702        A         0
                text13                             26F8     26F8        A         0
                text12                             26EE     26EE        A         0
                text11                             1C86     1C86       7C         0
                text10                             264C     264C       14         0
                text9                              27B4     27B4        4         0
                text8                              25D8     25D8       18         0
                text7                              1B68     1B68       90         0
                text6                              25BC     25BC       1C         0
                text5                              2636     2636       16         0
                text4                              2580     2580       1E         0
                text3                              2620     2620       16         0
                text2                              2732     2732        8         0
                text1                              272A     272A        8         0
                text0                              12E8     12E8      1B8         0
                cinit                              209C     209C       4C         0
                idataBANK1                         2698     2698       11         0

        CLASS   CONST          

        CLASS   SMALLCONST     

        CLASS   MEDIUMCONST    
                mediumconst                        FECA     FECA      136         0

        CLASS   COMRAM         
                temp                                 5A       5A        1         1
                cstackCOMRAM                          1        1       54         1
                bssCOMRAM                            55       55        5         1

        CLASS   ABS1           

        CLASS   BIGRAM         

        CLASS   RAM            

        CLASS   BANK0          
                cstackBANK0                          60       60       50         1
                bssBANK0                             B0       B0       2F         1
                nvBANK0                              DF       DF        7         1

        CLASS   BANK1          
                dataBANK1                           1E0      1E0       11         1
                bssBANK1                            100      100       E0         1
                nvBANK1                             1F1      1F1        4         1

        CLASS   BANK2          
                cstackBANK2                         200      200       1E         1

        CLASS   BANK3          

        CLASS   BANK4          

        CLASS   BANK5          

        CLASS   BANK6          

        CLASS   BANK7          

        CLASS   BANK8          

        CLASS   BANK9          

        CLASS   BANK10         

        CLASS   BANK11         

        CLASS   BANK12         

        CLASS   BANK13         

        CLASS   BANK14         

        CLASS   SFR            

        CLASS   CONFIG         
                config                           300000   300000        C         4

        CLASS   IDLOC          
                idloc                            200000   200000       10         5

        CLASS   EEDATA         

        CLASS   FARRAM         



SEGMENTS        Name                           Load    Length   Top    Selector   Space  Class

                reset_vec                      000000  000004  000004         0       0  CODE    
                cstackCOMRAM                   000001  00005A  00005B         1       1  COMRAM  
                intcode                        000008  0026A1  0026A9         4       0  CODE    
                cstackBANK0                    000060  000086  0000E6        60       1  BANK0   
                bssBANK1                       000100  0000F5  0001F5       100       1  BANK1   
                cstackBANK2                    000200  00001E  00021E       200       1  BANK2   
                text59                         0026AA  000130  0027DA      1355       0  CODE    
                mediumconst                    00FECA  000136  010000      7F65       0  MEDIUMCO


UNUSED ADDRESS RANGES

        Name                Unused          Largest block    Delta
        BANK0            0000E6-0000FF               1A
        BANK1            0001F5-0001FF                B
        BANK10           000A00-000AFF              100
        BANK11           000B00-000BFF              100
        BANK12           000C00-000CFF              100
        BANK13           000D00-000DFF              100
        BANK14           000E00-000E87               88
        BANK2            00021E-0002FF               E2
        BANK3            000300-0003FF              100
        BANK4            000400-0004FF              100
        BANK5            000500-0005FF              100
        BANK6            000600-0006FF              100
        BANK7            000700-0007FF              100
        BANK8            000800-0008FF              100
        BANK9            000900-0009FF              100
        BIGRAM           00005B-00005F                5
                         0000E6-0000FF               1A
                         0001F5-0001FF                B
                         00021E-000E87              C6A
        CODE             000004-000007                4
                         0026A9-0026A9                1
                         0027DA-00FEC9             D6F0
        COMRAM           00005B-00005F                5
        CONST            000004-000007                4
                         0026A9-0026A9                1
                         0027DA-00FEC9             D6F0
        EEDATA           310000-3103FF              400
        MEDIUMCONST      0026A9-0026A9                1
                         0027DA-00FEC9             D6F0
        RAM              0000E6-0000FF               1A
                         0001F5-0001FF                B
                         00021E-000E87              100
        SFR              000E8D-000FFF               73
        SMALLCONST       0026A9-0026A9                1
                         0027DA-00FEC9              100
        STACK            00021E-000E87              C6A

                                  Symbol Table

?_isalpha                                                  cstackCOMRAM 000006
?_islower                                                  cstackCOMRAM 000006
?_isupper                                                  cstackCOMRAM 000006
?_pad                                                      cstackCOMRAM 000018
?_printf                                                   cstackBANK0  000071
?_strlen                                                   cstackCOMRAM 000006
?_toupper                                                  cstackCOMRAM 00000C
?_vfpfcnvrt                                                cstackCOMRAM 00004A
?_vfprintf                                                 cstackBANK0  000069
?_xtoa                                                     cstackCOMRAM 000023
EUSART1_Read@readValue                                     cstackCOMRAM 000001
EUSART1_SetErrorHandler@interruptHandler                   cstackCOMRAM 000006
EUSART1_SetFramingErrorHandler@interruptHandler            cstackCOMRAM 000006
EUSART1_SetOverrunErrorHandler@interruptHandler            cstackCOMRAM 000006
EUSART1_SetRxInterruptHandler@interruptHandler             cstackCOMRAM 000006
EUSART1_SetTxInterruptHandler@interruptHandler             cstackCOMRAM 000006
EUSART1_Write@txData                                       cstackCOMRAM 000006
Funcion_RB@Enviar                                          cstackBANK0  000079
Funcion_RB@Recibir                                         cstackBANK0  00007B
Funcion_RB@dsp                                             cstackBANK0  000077
Funcion_RS@Enviar                                          cstackBANK0  0000AB
Funcion_RS@Num_Datos                                       cstackBANK0  0000AD
Funcion_RS@Recibir                                         cstackBANK0  000079
Funcion_RS@dsp                                             cstackBANK0  000077
Funcion_RS@i                                               cstackBANK0  0000AE
Funcion_WB@Enviar                                          cstackBANK0  000079
Funcion_WB@Recibir                                         cstackBANK0  00007C
Funcion_WB@dsp                                             cstackBANK0  000077
Funcion_WS@Enviar                                          cstackBANK0  00007E
Funcion_WS@dsp                                             cstackBANK0  000077
Funcion_WS@i                                               cstackBANK0  000090
Funcion_WS@j                                               cstackBANK0  000091
I2C1_CallbackReturnReset@funPtr                            cstackCOMRAM 00000F
I2C1_Close@returnValue                                     cstackCOMRAM 000006
I2C1_MasterOperation@read                                  cstackCOMRAM 000015
I2C1_MasterOperation@returnValue                           cstackCOMRAM 000016
I2C1_MasterSendTxData@data                                 cstackCOMRAM 000006
I2C1_Open@address                                          cstackCOMRAM 000006
I2C1_Open@returnValue                                      cstackCOMRAM 000007
I2C1_SetAddressNackCallback@cb                             cstackCOMRAM 00000B
I2C1_SetAddressNackCallback@ptr                            cstackCOMRAM 00000D
I2C1_SetBuffer@buffer                                      cstackCOMRAM 000006
I2C1_SetBuffer@bufferSize                                  cstackCOMRAM 000008
I2C1_SetCallback@cb                                        cstackCOMRAM 000006
I2C1_SetCallback@idx                                       cstackCOMRAM 00000A
I2C1_SetCallback@ptr                                       cstackCOMRAM 000008
I2C1_SetDataCompleteCallback@cb                            cstackCOMRAM 00000B
I2C1_SetDataCompleteCallback@ptr                           cstackCOMRAM 00000D
I2CSIMPLE_example@F10597                                   dataBANK1    0001E0
Maquina_RE@dsp                                             cstackBANK0  000077
TMR0_Reload@periodVal                                      cstackCOMRAM 000006
TMR0_WriteTimer@timerVal                                   cstackCOMRAM 000006
_ANSELA                                                    (abs)        000F11
_ANSELB                                                    (abs)        000F19
_ANSELC                                                    (abs)        000F21
_ANSELD                                                    (abs)        000F26
_ANSELE                                                    (abs)        000F2E
_BAUD1CON                                                  (abs)        000F9F
_EUSART1_DefaultErrorHandler                               text97       0027AE
_EUSART1_DefaultFramingErrorHandler                        text96       0027D8
_EUSART1_DefaultOverrunErrorHandler                        text95       0027A8
_EUSART1_ErrorHandler                                      nvBANK1      0001F1
_EUSART1_FramingErrorHandler                               nvBANK0      0000DF
_EUSART1_Initialize                                        text11       001C86
_EUSART1_OverrunErrorHandler                               nvBANK1      0001F3
_EUSART1_Read                                              text99       002048
_EUSART1_Receive_ISR                                       text93       0018D0
_EUSART1_RxDataHandler                                     text98       0024E8
_EUSART1_RxDefaultInterruptHandler                         nvBANK0      0000E1
_EUSART1_SetErrorHandler                                   text16       002716
_EUSART1_SetFramingErrorHandler                            text15       00270C
_EUSART1_SetOverrunErrorHandler                            text14       002702
_EUSART1_SetRxInterruptHandler                             text13       0026F8
_EUSART1_SetTxInterruptHandler                             text12       0026EE
_EUSART1_Transmit_ISR                                      text100      0021B6
_EUSART1_TxDefaultInterruptHandler                         nvBANK0      0000E3
_EUSART1_Write                                             text33       001F90
_Funcion_RB                                                text21       001A34
_Funcion_RS                                                text20       0014A0
_Funcion_WB                                                text19       00166C
_Funcion_WS                                                text18       00158E
_I2C1_CallbackReturnReset                                  text70       0027C0
_I2C1_CallbackReturnStop                                   text71       0027C4
_I2C1_Close                                                text88       0024BC
_I2C1_DO_ADDRESS_NACK                                      text47       001E68
_I2C1_DO_IDLE                                              text61       0026E2
_I2C1_DO_RCEN                                              text56       0026D6
_I2C1_DO_RESET                                             text48       0026CA
_I2C1_DO_RX                                                text57       00198E
_I2C1_DO_RX_ACK                                            text51       00275A
_I2C1_DO_RX_NACK_RESTART                                   text49       00274A
_I2C1_DO_RX_NACK_STOP                                      text50       002752
_I2C1_DO_SEND_ADR_READ                                     text60       0026BA
_I2C1_DO_SEND_ADR_WRITE                                    text59       0026AA
_I2C1_DO_SEND_RESTART                                      text53       00276A
_I2C1_DO_SEND_RESTART_READ                                 text55       00277A
_I2C1_DO_SEND_RESTART_WRITE                                text54       002772
_I2C1_DO_SEND_STOP                                         text52       002762
_I2C1_DO_TX                                                text58       00180C
_I2C1_DO_TX_EMPTY                                          text62       001D02
_I2C1_Initialize                                           text10       00264C
_I2C1_MasterClearIrq                                       text91       0027A2
_I2C1_MasterClose                                          text90       0027D4
_I2C1_MasterDisableIrq                                     text89       00279C
_I2C1_MasterEnableRestart                                  text86       0027CC
_I2C1_MasterFsm                                            text46       001DF8
_I2C1_MasterGetRxData                                      text67       0027B8
_I2C1_MasterIsNack                                         text64       002660
_I2C1_MasterOpen                                           text41       00255E
_I2C1_MasterOperation                                      text43       002172
_I2C1_MasterRead                                           text42       002742
_I2C1_MasterSendAck                                        text66       002790
_I2C1_MasterSendNack                                       text68       002796
_I2C1_MasterSendTxData                                     text65       002782
_I2C1_MasterSetIrq                                         text63       00278A
_I2C1_MasterStart                                          text87       0027D0
_I2C1_MasterStartRx                                        text69       0027BC
_I2C1_MasterStop                                           text85       0027C8
_I2C1_MasterWaitForEvent                                   text45       002674
_I2C1_MasterWrite                                          text38       00273A
_I2C1_Open                                                 text40       001BF8
_I2C1_Poller                                               text44       00259E
_I2C1_SetAddressNackCallback                               text37       0025F0
_I2C1_SetBuffer                                            text84       00253A
_I2C1_SetCallback                                          text83       001D7E
_I2C1_SetDataCompleteCallback                              text82       002608
_I2C1_Status                                               bssBANK0     0000B0
_INLVLA                                                    (abs)        000F0D
_INLVLB                                                    (abs)        000F15
_INLVLC                                                    (abs)        000F1D
_INLVLD                                                    (abs)        000F22
_INLVLE                                                    (abs)        000F2A
_INTCONbits                                                (abs)        000FF2
_INTERRUPT_Initialize                                      text9        0027B4
_INTERRUPT_InterruptManager                                intcode      000008
_Interrupcion_Rx_Serial                                    text94       002686
_LATA                                                      (abs)        000F83
_LATB                                                      (abs)        000F84
_LATC                                                      (abs)        000F85
_LATD                                                      (abs)        000F86
_LATDbits                                                  (abs)        000F86
_LATE                                                      (abs)        000F87
_Lectura_Rx                                                bssBANK0     0000DD
_Maquina_RE                                                text17       0000B6
_ODCONA                                                    (abs)        000F0F
_ODCONB                                                    (abs)        000F17
_ODCONC                                                    (abs)        000F1F
_ODCOND                                                    (abs)        000F24
_ODCONE                                                    (abs)        000F2C
_OSCCON1                                                   (abs)        000ED8
_OSCCON3                                                   (abs)        000EDA
_OSCEN                                                     (abs)        000EDC
_OSCFRQ                                                    (abs)        000EDE
_OSCILLATOR_Initialize                                     text8        0025D8
_OSCTUNE                                                   (abs)        000EDD
_PIE3bits                                                  (abs)        000EC5
_PIN_MANAGER_Initialize                                    text7        001B68
_PIR0bits                                                  (abs)        000ECA
_PIR3bits                                                  (abs)        000ECD
_PIR4bits                                                  (abs)        000ECE
_PMD0                                                      (abs)        000EE1
_PMD1                                                      (abs)        000EE2
_PMD2                                                      (abs)        000EE3
_PMD3                                                      (abs)        000EE4
_PMD4                                                      (abs)        000EE5
_PMD5                                                      (abs)        000EE6
_PMD_Initialize                                            text6        0025BC
_PR2                                                       (abs)        000FBC
_RC1REG                                                    (abs)        000F99
_RC1STA                                                    (abs)        000F9D
_RC1STAbits                                                (abs)        000F9D
_RC3PPS                                                    (abs)        000EFA
_RC4PPS                                                    (abs)        000EFB
_RC6PPS                                                    (abs)        000EFD
_RX1PPS                                                    (abs)        000EB5
_SLRCONA                                                   (abs)        000F0E
_SLRCONB                                                   (abs)        000F16
_SLRCONC                                                   (abs)        000F1E
_SLRCOND                                                   (abs)        000F23
_SLRCONE                                                   (abs)        000F2B
_SP1BRGH                                                   (abs)        000F9C
_SP1BRGL                                                   (abs)        000F9B
_SSP1ADD                                                   (abs)        000F93
_SSP1BUF                                                   (abs)        000F92
_SSP1CLKPPS                                                (abs)        000EB7
_SSP1CON1                                                  (abs)        000F96
_SSP1CON1bits                                              (abs)        000F96
_SSP1CON2                                                  (abs)        000F97
_SSP1CON2bits                                              (abs)        000F97
_SSP1DATPPS                                                (abs)        000EB8
_SSP1STAT                                                  (abs)        000F95
_SSP1STATbits                                              (abs)        000F95
_SYSTEM_Initialize                                         text4        002580
_Serial_Rx_flag                                            bssBANK0     0000DC
_T0CON0                                                    (abs)        000FD5
_T0CON0bits                                                (abs)        000FD5
_T0CON1                                                    (abs)        000FD6
_T2CLKCON                                                  (abs)        000FBF
_T2CON                                                     (abs)        000FBD
_T2CONbits                                                 (abs)        000FBD
_T2HLT                                                     (abs)        000FBE
_T2HLTbits                                                 (abs)        000FBE
_T2PR                                                      (abs)        000FBC
_T2RST                                                     (abs)        000FC0
_T2RSTbits                                                 (abs)        000FC0
_T2TMR                                                     (abs)        000FBB
_TMR0H                                                     (abs)        000FD4
_TMR0L                                                     (abs)        000FD3
_TMR0_HasOverflowOccured                                   text3        002620
_TMR0_Initialize                                           text5        002636
_TMR0_Reload                                               text2        002732
_TMR0_WriteTimer                                           text1        00272A
_TMR2                                                      (abs)        000FBB
_TRISA                                                     (abs)        000F88
_TRISB                                                     (abs)        000F89
_TRISC                                                     (abs)        000F8A
_TRISD                                                     (abs)        000F8B
_TRISE                                                     (abs)        000F8C
_TX1REG                                                    (abs)        000F9A
_TX1STA                                                    (abs)        000F9E
_TX1STAbits                                                (abs)        000F9E
_WPUA                                                      (abs)        000F10
_WPUB                                                      (abs)        000F18
_WPUC                                                      (abs)        000F20
_WPUD                                                      (abs)        000F25
_WPUE                                                      (abs)        000F2D
__HRAM                                                     (abs)        000000
__Habs1                                                    abs1         000000
__Hbank0                                                   bank0        000000
__Hbank1                                                   bank1        000000
__Hbank10                                                  bank10       000000
__Hbank11                                                  bank11       000000
__Hbank12                                                  bank12       000000
__Hbank13                                                  bank13       000000
__Hbank14                                                  bank14       000000
__Hbank2                                                   bank2        000000
__Hbank3                                                   bank3        000000
__Hbank4                                                   bank4        000000
__Hbank5                                                   bank5        000000
__Hbank6                                                   bank6        000000
__Hbank7                                                   bank7        000000
__Hbank8                                                   bank8        000000
__Hbank9                                                   bank9        000000
__Hbigbss                                                  bigbss       000000
__Hbigdata                                                 bigdata      000000
__Hbigram                                                  bigram       000000
__Hbss                                                     bss          000000
__HbssBANK0                                                bssBANK0     000000
__HbssBANK1                                                bssBANK1     000000
__HbssCOMRAM                                               bssCOMRAM    000000
__Hcinit                                                   cinit        000000
__Hclrtext                                                 clrtext      000000
__Hcomram                                                  comram       000000
__Hconfig                                                  config       30000C
__Hconst                                                   const        000000
__HcstackBANK0                                             cstackBANK0  000000
__HcstackBANK2                                             cstackBANK2  000000
__HcstackCOMRAM                                            cstackCOMRAM 000000
__Hdata                                                    data         000000
__HdataBANK1                                               dataBANK1    000000
__Heeprom_data                                             eeprom_data  000000
__Hfarbss                                                  farbss       000000
__Hfardata                                                 fardata      000000
__Hibigdata                                                ibigdata     000000
__Hidata                                                   idata        000000
__HidataBANK1                                              idataBANK1   000000
__Hidloc                                                   idloc        200010
__Hifardata                                                ifardata     000000
__Hinit                                                    init         0000B6
__Hintcode                                                 intcode      0000B2
__Hintcode_body                                            intcode_body 000000
__Hintcodelo                                               intcodelo    0000B2
__Hintentry                                                intentry     000000
__Hintret                                                  intret       000000
__Hintsave_regs                                            intsave_regs 000000
__Hirdata                                                  irdata       000000
__Hmediumconst                                             mediumconst  010000
__HnvBANK0                                                 nvBANK0      000000
__HnvBANK1                                                 nvBANK1      000000
__HnvFARRAM                                                nvFARRAM     000000
__Hnvbit                                                   nvbit        000000
__Hnvrram                                                  nvrram       000000
__Hparam                                                   rparam       000000
__Hpowerup                                                 powerup      0000B2
__Hram                                                     ram          000000
__Hramtop                                                  ramtop       000F00
__Hrbit                                                    rbit         000000
__Hrbss                                                    rbss         000000
__Hrdata                                                   rdata        000000
__Hreset_vec                                               reset_vec    000004
__Hrparam                                                  rparam       000000
__Hsfr                                                     sfr          000000
__Hsmallconst                                              smallconst   000000
__Hspace_0                                                 (abs)        010000
__Hspace_1                                                 (abs)        00021E
__Hspace_2                                                 (abs)        000000
__Hspace_4                                                 (abs)        60000C
__Hstack                                                   stack        000000
__Hstruct                                                  struct       000000
__Htemp                                                    temp         00005B
__Htext                                                    text         000000
__Htext0                                                   text0        000000
__Htext1                                                   text1        000000
__Htext10                                                  text10       000000
__Htext100                                                 text100      000000
__Htext101                                                 text101      000000
__Htext11                                                  text11       000000
__Htext12                                                  text12       000000
__Htext13                                                  text13       000000
__Htext14                                                  text14       000000
__Htext15                                                  text15       000000
__Htext16                                                  text16       000000
__Htext17                                                  text17       000000
__Htext18                                                  text18       000000
__Htext19                                                  text19       000000
__Htext2                                                   text2        000000
__Htext20                                                  text20       000000
__Htext21                                                  text21       000000
__Htext22                                                  text22       000000
__Htext23                                                  text23       000000
__Htext24                                                  text24       000000
__Htext25                                                  text25       000000
__Htext26                                                  text26       000000
__Htext27                                                  text27       000000
__Htext28                                                  text28       000000
__Htext29                                                  text29       000000
__Htext3                                                   text3        000000
__Htext30                                                  text30       000000
__Htext31                                                  text31       000000
__Htext32                                                  text32       000000
__Htext33                                                  text33       000000
__Htext34                                                  text34       000000
__Htext35                                                  text35       000000
__Htext36                                                  text36       000000
__Htext37                                                  text37       000000
__Htext38                                                  text38       000000
__Htext39                                                  text39       000000
__Htext4                                                   text4        000000
__Htext40                                                  text40       000000
__Htext41                                                  text41       000000
__Htext42                                                  text42       000000
__Htext43                                                  text43       000000
__Htext44                                                  text44       000000
__Htext45                                                  text45       000000
__Htext46                                                  text46       000000
__Htext47                                                  text47       000000
__Htext48                                                  text48       000000
__Htext49                                                  text49       000000
__Htext5                                                   text5        000000
__Htext50                                                  text50       000000
__Htext51                                                  text51       000000
__Htext52                                                  text52       000000
__Htext53                                                  text53       000000
__Htext54                                                  text54       000000
__Htext55                                                  text55       000000
__Htext56                                                  text56       000000
__Htext57                                                  text57       000000
__Htext58                                                  text58       000000
__Htext59                                                  text59       000000
__Htext6                                                   text6        000000
__Htext60                                                  text60       000000
__Htext61                                                  text61       000000
__Htext62                                                  text62       000000
__Htext63                                                  text63       000000
__Htext64                                                  text64       000000
__Htext65                                                  text65       000000
__Htext66                                                  text66       000000
__Htext67                                                  text67       000000
__Htext68                                                  text68       000000
__Htext69                                                  text69       000000
__Htext7                                                   text7        000000
__Htext70                                                  text70       000000
__Htext71                                                  text71       000000
__Htext72                                                  text72       000000
__Htext73                                                  text73       000000
__Htext74                                                  text74       000000
__Htext75                                                  text75       000000
__Htext76                                                  text76       000000
__Htext77                                                  text77       000000
__Htext78                                                  text78       000000
__Htext79                                                  text79       000000
__Htext8                                                   text8        000000
__Htext80                                                  text80       000000
__Htext81                                                  text81       000000
__Htext82                                                  text82       000000
__Htext83                                                  text83       000000
__Htext84                                                  text84       000000
__Htext85                                                  text85       000000
__Htext86                                                  text86       000000
__Htext87                                                  text87       000000
__Htext88                                                  text88       000000
__Htext89                                                  text89       000000
__Htext9                                                   text9        000000
__Htext90                                                  text90       000000
__Htext91                                                  text91       000000
__Htext93                                                  text93       000000
__Htext94                                                  text94       000000
__Htext95                                                  text95       000000
__Htext96                                                  text96       000000
__Htext97                                                  text97       000000
__Htext98                                                  text98       000000
__Htext99                                                  text99       000000
__LRAM                                                     (abs)        000001
__Labs1                                                    abs1         000000
__Lbank0                                                   bank0        000000
__Lbank1                                                   bank1        000000
__Lbank10                                                  bank10       000000
__Lbank11                                                  bank11       000000
__Lbank12                                                  bank12       000000
__Lbank13                                                  bank13       000000
__Lbank14                                                  bank14       000000
__Lbank2                                                   bank2        000000
__Lbank3                                                   bank3        000000
__Lbank4                                                   bank4        000000
__Lbank5                                                   bank5        000000
__Lbank6                                                   bank6        000000
__Lbank7                                                   bank7        000000
__Lbank8                                                   bank8        000000
__Lbank9                                                   bank9        000000
__Lbigbss                                                  bigbss       000000
__Lbigdata                                                 bigdata      000000
__Lbigram                                                  bigram       000000
__Lbss                                                     bss          000000
__LbssBANK0                                                bssBANK0     000000
__LbssBANK1                                                bssBANK1     000000
__LbssCOMRAM                                               bssCOMRAM    000000
__Lcinit                                                   cinit        000000
__Lclrtext                                                 clrtext      000000
__Lcomram                                                  comram       000000
__Lconfig                                                  config       000000
__Lconst                                                   const        000000
__LcstackBANK0                                             cstackBANK0  000000
__LcstackBANK2                                             cstackBANK2  000000
__LcstackCOMRAM                                            cstackCOMRAM 000000
__Ldata                                                    data         000000
__LdataBANK1                                               dataBANK1    000000
__Leeprom_data                                             eeprom_data  000000
__Lfarbss                                                  farbss       000000
__Lfardata                                                 fardata      000000
__Libigdata                                                ibigdata     000000
__Lidata                                                   idata        000000
__LidataBANK1                                              idataBANK1   000000
__Lidloc                                                   idloc        000000
__Lifardata                                                ifardata     000000
__Linit                                                    init         0000B2
__Lintcode                                                 intcode      000008
__Lintcode_body                                            intcode_body 000000
__Lintcodelo                                               intcodelo    0000B2
__Lintentry                                                intentry     000000
__Lintret                                                  intret       000000
__Lintsave_regs                                            intsave_regs 000000
__Lirdata                                                  irdata       000000
__Lmediumconst                                             mediumconst  00FECA
__LnvBANK0                                                 nvBANK0      000000
__LnvBANK1                                                 nvBANK1      000000
__LnvFARRAM                                                nvFARRAM     000000
__Lnvbit                                                   nvbit        000000
__Lnvrram                                                  nvrram       000000
__Lparam                                                   rparam       000000
__Lpowerup                                                 powerup      0000B2
__Lram                                                     ram          000000
__Lramtop                                                  ramtop       000F00
__Lrbit                                                    rbit         000000
__Lrbss                                                    rbss         000000
__Lrdata                                                   rdata        000000
__Lreset_vec                                               reset_vec    000000
__Lrparam                                                  rparam       000000
__Lsfr                                                     sfr          000000
__Lsmallconst                                              smallconst   000000
__Lspace_0                                                 (abs)        000000
__Lspace_1                                                 (abs)        000000
__Lspace_2                                                 (abs)        000000
__Lspace_4                                                 (abs)        000000
__Lstack                                                   stack        000000
__Lstruct                                                  struct       000000
__Ltemp                                                    temp         00005A
__Ltext                                                    text         000000
__Ltext0                                                   text0        000000
__Ltext1                                                   text1        000000
__Ltext10                                                  text10       000000
__Ltext100                                                 text100      000000
__Ltext101                                                 text101      000000
__Ltext11                                                  text11       000000
__Ltext12                                                  text12       000000
__Ltext13                                                  text13       000000
__Ltext14                                                  text14       000000
__Ltext15                                                  text15       000000
__Ltext16                                                  text16       000000
__Ltext17                                                  text17       000000
__Ltext18                                                  text18       000000
__Ltext19                                                  text19       000000
__Ltext2                                                   text2        000000
__Ltext20                                                  text20       000000
__Ltext21                                                  text21       000000
__Ltext22                                                  text22       000000
__Ltext23                                                  text23       000000
__Ltext24                                                  text24       000000
__Ltext25                                                  text25       000000
__Ltext26                                                  text26       000000
__Ltext27                                                  text27       000000
__Ltext28                                                  text28       000000
__Ltext29                                                  text29       000000
__Ltext3                                                   text3        000000
__Ltext30                                                  text30       000000
__Ltext31                                                  text31       000000
__Ltext32                                                  text32       000000
__Ltext33                                                  text33       000000
__Ltext34                                                  text34       000000
__Ltext35                                                  text35       000000
__Ltext36                                                  text36       000000
__Ltext37                                                  text37       000000
__Ltext38                                                  text38       000000
__Ltext39                                                  text39       000000
__Ltext4                                                   text4        000000
__Ltext40                                                  text40       000000
__Ltext41                                                  text41       000000
__Ltext42                                                  text42       000000
__Ltext43                                                  text43       000000
__Ltext44                                                  text44       000000
__Ltext45                                                  text45       000000
__Ltext46                                                  text46       000000
__Ltext47                                                  text47       000000
__Ltext48                                                  text48       000000
__Ltext49                                                  text49       000000
__Ltext5                                                   text5        000000
__Ltext50                                                  text50       000000
__Ltext51                                                  text51       000000
__Ltext52                                                  text52       000000
__Ltext53                                                  text53       000000
__Ltext54                                                  text54       000000
__Ltext55                                                  text55       000000
__Ltext56                                                  text56       000000
__Ltext57                                                  text57       000000
__Ltext58                                                  text58       000000
__Ltext59                                                  text59       000000
__Ltext6                                                   text6        000000
__Ltext60                                                  text60       000000
__Ltext61                                                  text61       000000
__Ltext62                                                  text62       000000
__Ltext63                                                  text63       000000
__Ltext64                                                  text64       000000
__Ltext65                                                  text65       000000
__Ltext66                                                  text66       000000
__Ltext67                                                  text67       000000
__Ltext68                                                  text68       000000
__Ltext69                                                  text69       000000
__Ltext7                                                   text7        000000
__Ltext70                                                  text70       000000
__Ltext71                                                  text71       000000
__Ltext72                                                  text72       000000
__Ltext73                                                  text73       000000
__Ltext74                                                  text74       000000
__Ltext75                                                  text75       000000
__Ltext76                                                  text76       000000
__Ltext77                                                  text77       000000
__Ltext78                                                  text78       000000
__Ltext79                                                  text79       000000
__Ltext8                                                   text8        000000
__Ltext80                                                  text80       000000
__Ltext81                                                  text81       000000
__Ltext82                                                  text82       000000
__Ltext83                                                  text83       000000
__Ltext84                                                  text84       000000
__Ltext85                                                  text85       000000
__Ltext86                                                  text86       000000
__Ltext87                                                  text87       000000
__Ltext88                                                  text88       000000
__Ltext89                                                  text89       000000
__Ltext9                                                   text9        000000
__Ltext90                                                  text90       000000
__Ltext91                                                  text91       000000
__Ltext93                                                  text93       000000
__Ltext94                                                  text94       000000
__Ltext95                                                  text95       000000
__Ltext96                                                  text96       000000
__Ltext97                                                  text97       000000
__Ltext98                                                  text98       000000
__Ltext99                                                  text99       000000
__S0                                                       (abs)        010000
__S1                                                       (abs)        00021E
__S2                                                       (abs)        000000
__S4                                                       (abs)        000000
__S5                                                       (abs)        000000
___inthi_sp                                                stack        000000
___intlo_sp                                                stack        000000
___param_bank                                              (abs)        000000
___rparam_used                                             (abs)        000001
___sp                                                      stack        000000
__accesstop                                                (abs)        000060
__activetblptr                                             (abs)        000003
__end_of_EUSART1_DefaultErrorHandler                       text97       0027B4
__end_of_EUSART1_DefaultFramingErrorHandler                text96       0027DA
__end_of_EUSART1_DefaultOverrunErrorHandler                text95       0027AE
__end_of_EUSART1_Initialize                                text11       001D02
__end_of_EUSART1_Read                                      text99       00209C
__end_of_EUSART1_Receive_ISR                               text93       00198E
__end_of_EUSART1_RxDataHandler                             text98       002512
__end_of_EUSART1_SetErrorHandler                           text16       002720
__end_of_EUSART1_SetFramingErrorHandler                    text15       002716
__end_of_EUSART1_SetOverrunErrorHandler                    text14       00270C
__end_of_EUSART1_SetRxInterruptHandler                     text13       002702
__end_of_EUSART1_SetTxInterruptHandler                     text12       0026F8
__end_of_EUSART1_Transmit_ISR                              text100      0021FA
__end_of_EUSART1_Write                                     text33       001FEE
__end_of_Funcion_RB                                        text21       001AD2
__end_of_Funcion_RS                                        text20       00158E
__end_of_Funcion_WB                                        text19       001746
__end_of_Funcion_WS                                        text18       00166C
__end_of_I2C1_CallbackReturnReset                          text70       0027C4
__end_of_I2C1_CallbackReturnStop                           text71       0027C8
__end_of_I2C1_Close                                        text88       0024E8
__end_of_I2C1_DO_ADDRESS_NACK                              text47       001ECE
__end_of_I2C1_DO_IDLE                                      text61       0026EE
__end_of_I2C1_DO_RCEN                                      text56       0026E2
__end_of_I2C1_DO_RESET                                     text48       0026D6
__end_of_I2C1_DO_RX                                        text57       001A34
__end_of_I2C1_DO_RX_ACK                                    text51       002762
__end_of_I2C1_DO_RX_NACK_RESTART                           text49       002752
__end_of_I2C1_DO_RX_NACK_STOP                              text50       00275A
__end_of_I2C1_DO_SEND_ADR_READ                             text60       0026CA
__end_of_I2C1_DO_SEND_ADR_WRITE                            text59       0026BA
__end_of_I2C1_DO_SEND_RESTART                              text53       002772
__end_of_I2C1_DO_SEND_RESTART_READ                         text55       002782
__end_of_I2C1_DO_SEND_RESTART_WRITE                        text54       00277A
__end_of_I2C1_DO_SEND_STOP                                 text52       00276A
__end_of_I2C1_DO_TX                                        text58       0018D0
__end_of_I2C1_DO_TX_EMPTY                                  text62       001D7E
__end_of_I2C1_Initialize                                   text10       002660
__end_of_I2C1_MasterClearIrq                               text91       0027A8
__end_of_I2C1_MasterClose                                  text90       0027D8
__end_of_I2C1_MasterDisableIrq                             text89       0027A2
__end_of_I2C1_MasterEnableRestart                          text86       0027D0
__end_of_I2C1_MasterFsm                                    text46       001E68
__end_of_I2C1_MasterGetRxData                              text67       0027BC
__end_of_I2C1_MasterIsNack                                 text64       002674
__end_of_I2C1_MasterOpen                                   text41       002580
__end_of_I2C1_MasterOperation                              text43       0021B6
__end_of_I2C1_MasterRead                                   text42       00274A
__end_of_I2C1_MasterSendAck                                text66       002796
__end_of_I2C1_MasterSendNack                               text68       00279C
__end_of_I2C1_MasterSendTxData                             text65       00278A
__end_of_I2C1_MasterSetIrq                                 text63       002790
__end_of_I2C1_MasterStart                                  text87       0027D4
__end_of_I2C1_MasterStartRx                                text69       0027C0
__end_of_I2C1_MasterStop                                   text85       0027CC
__end_of_I2C1_MasterWaitForEvent                           text45       002686
__end_of_I2C1_MasterWrite                                  text38       002742
__end_of_I2C1_Open                                         text40       001C86
__end_of_I2C1_Poller                                       text44       0025BC
__end_of_I2C1_SetAddressNackCallback                       text37       002608
__end_of_I2C1_SetBuffer                                    text84       00255E
__end_of_I2C1_SetCallback                                  text83       001DF8
__end_of_I2C1_SetDataCompleteCallback                      text82       002620
__end_of_INTERRUPT_Initialize                              text9        0027B8
__end_of_INTERRUPT_InterruptManager                        intcode      0000B2
__end_of_Interrupcion_Rx_Serial                            text94       002698
__end_of_Maquina_RE                                        text17       000E32
__end_of_OSCILLATOR_Initialize                             text8        0025F0
__end_of_PIN_MANAGER_Initialize                            text7        001BF8
[...]
__size_of_SYSTEM_Initialize                                (abs)        000000
__size_of_TMR0_HasOverflowOccured                          (abs)        000000
__size_of_TMR0_Initialize                                  (abs)        000000
__size_of_TMR0_Reload                                      (abs)        000000
__size_of_TMR0_WriteTimer                                  (abs)        000000
__size_of_fputc                                            (abs)        000000
__size_of_fputs                                            (abs)        000000
__size_of_i2c_readNBytes                                   (abs)        000000
__size_of_i2c_writeNBytes                                  (abs)        000000
__size_of_isalpha                                          (abs)        000000
__size_of_islower                                          (abs)        000000
__size_of_isupper                                          (abs)        000000
__size_of_main                                             (abs)        000000
__size_of_pad                                              (abs)        000000
__size_of_printf                                           (abs)        000000
__size_of_putch                                            (abs)        000000
__size_of_rd1RegCompleteHandler                            (abs)        000000
__size_of_rd1RegCompleteHandler@i2c1_master_example$F174   (abs)        000000
__size_of_rd2RegCompleteHandler                            (abs)        000000
__size_of_rd2RegCompleteHandler@i2c1_master_example$F185   (abs)        000000
__size_of_rdBlkRegCompleteHandler                          (abs)        000000
__size_of_rdBlkRegCompleteHandler@i2c1_master_example$F208 (abs)        000000
__size_of_strlen                                           (abs)        000000
__size_of_toupper                                          (abs)        000000
__size_of_vfpfcnvrt                                        (abs)        000000
__size_of_vfprintf                                         (abs)        000000
__size_of_wr1RegCompleteHandler                            (abs)        000000
__size_of_wr1RegCompleteHandler@i2c1_master_example$F191   (abs)        000000
__size_of_wr2RegCompleteHandler                            (abs)        000000
__size_of_wr2RegCompleteHandler@i2c1_master_example$F197   (abs)        000000
__size_of_xtoa                                             (abs)        000000
__smallconst                                               smallconst   000000
_dbuf                                                      bssBANK1     0001C0
_eusart1RxBuffer                                           bssBANK1     000140
_eusart1RxCount                                            bssCOMRAM    000055
_eusart1RxHead                                             bssCOMRAM    000057
_eusart1RxLastError                                        bssBANK0     0000DE
_eusart1RxStatusBuffer                                     bssBANK1     000100
_eusart1RxTail                                             bssCOMRAM    000056
_eusart1TxBuffer                                           bssBANK1     000180
_eusart1TxBufferRemaining                                  nvBANK0      0000E5
_eusart1TxHead                                             bssCOMRAM    000059
_eusart1TxTail                                             bssCOMRAM    000058
_flags                                                     bssBANK0     0000DA
_fputc                                                     text31       001AD2
_fputs                                                     text30       00212E
_i2c1_fsmStateTable                                        mediumconst  00FECB
_i2c_readNBytes                                            text39       0020E8
_i2c_writeNBytes                                           text36       001FEE
_isalpha                                                   text35       00227A
_islower                                                   text27       0022B6
_isupper                                                   text34       0022EE
_main                                                      text0        0012E8
_nout                                                      bssBANK0     0000D4
_pad                                                       text28       001746
_prec                                                      bssBANK0     0000D8
_printf                                                    text22       002512
_putch                                                     text32       002720
_rd1RegCompleteHandler                                     text79       002438
_rd1RegCompleteHandler@i2c1_master_example$F174            text75       0023B4
_rd2RegCompleteHandler                                     text78       00240C
_rd2RegCompleteHandler@i2c1_master_example$F185            text74       002388
_rdBlkRegCompleteHandler                                   text76       00223A
_rdBlkRegCompleteHandler@i2c1_master_example$F208          text72       0021FA
_strlen                                                    text29       002326
_toupper                                                   text26       001F32
_toupper$2865                                              cstackCOMRAM 000012
_vfpfcnvrt                                                 text24       00110C
_vfprintf                                                  text23       001ECE
_width                                                     bssBANK0     0000D6
_wr1RegCompleteHandler                                     text80       002464
_wr1RegCompleteHandler@i2c1_master_example$F191            text73       00235C
_wr2RegCompleteHandler                                     text77       0023E0
_wr2RegCompleteHandler@i2c1_master_example$F197            text81       002490
_xtoa                                                      text25       000E32
_xtoa$2788                                                 cstackCOMRAM 000036
_xtoa$2789                                                 cstackCOMRAM 000038
btemp                                                      temp         00005A
end_of_initialization                                      cinit        0020DE
fputc@c                                                    cstackCOMRAM 000008
fputc@fp                                                   cstackCOMRAM 00000A
fputs@c                                                    cstackCOMRAM 000015
fputs@fp                                                   cstackCOMRAM 000013
fputs@i                                                    cstackCOMRAM 000016
fputs@s                                                    cstackCOMRAM 000011
i2c_readNBytes@address                                     cstackCOMRAM 00001B
i2c_readNBytes@data                                        cstackCOMRAM 000017
i2c_readNBytes@len                                         cstackCOMRAM 000019
i2c_writeNBytes@address                                    cstackCOMRAM 00001B
i2c_writeNBytes@data                                       cstackCOMRAM 000017
i2c_writeNBytes@len                                        cstackCOMRAM 000019
int$flags                                                  temp         00005A
intlevel0                                                  text         000000
intlevel1                                                  text         000000
intlevel2                                                  text         000000
intlevel3                                                  text         000000
isa$std                                                    (abs)        000001
isa$xinst                                                  (abs)        000000
isalpha@c                                                  cstackCOMRAM 000006
islower@c                                                  cstackCOMRAM 000006
isupper@c                                                  cstackCOMRAM 000006
main@MiVector                                              cstackBANK2  000200
pad@buf                                                    cstackCOMRAM 00001A
pad@fp                                                     cstackCOMRAM 000018
pad@i                                                      cstackCOMRAM 00001F
pad@p                                                      cstackCOMRAM 00001C
pad@w                                                      cstackCOMRAM 000021
printf@ap                                                  cstackBANK0  000075
printf@fmt                                                 cstackBANK0  000071
putch@txData                                               cstackCOMRAM 000007
rd1RegCompleteHandler@i2c1_master_example$F174@ptr         cstackCOMRAM 00000F
rd1RegCompleteHandler@p                                    cstackCOMRAM 00000F
rd2RegCompleteHandler@i2c1_master_example$F185@ptr         cstackCOMRAM 00000F
rd2RegCompleteHandler@p                                    cstackCOMRAM 00000F
rdBlkRegCompleteHandler@i2c1_master_example$F208@ptr       cstackCOMRAM 00000F
rdBlkRegCompleteHandler@p                                  cstackCOMRAM 00000F
stackhi                                                    (abs)        000E87
stacklo                                                    (abs)        00021E
start                                                      init         0000B2
start_initialization                                       cinit        00209C
strlen@a                                                   cstackCOMRAM 000008
strlen@s                                                   cstackCOMRAM 000006
toupper@c                                                  cstackCOMRAM 00000C
ttemp5                                                     temp         00005B
ttemp6                                                     temp         00005E
ttemp7                                                     temp         000062
vfpfcnvrt@ap                                               cstackCOMRAM 00004E
vfpfcnvrt@c                                                cstackBANK0  000068
vfpfcnvrt@fmt                                              cstackCOMRAM 00004C
vfpfcnvrt@fp                                               cstackCOMRAM 00004A
vfpfcnvrt@llu                                              cstackBANK0  000060
vfprintf@ap                                                cstackBANK0  00006D
vfprintf@cfmt                                              cstackBANK0  00006F
vfprintf@fmt                                               cstackBANK0  00006B
vfprintf@fp                                                cstackBANK0  000069
wr1RegCompleteHandler@i2c1_master_example$F191@ptr         cstackCOMRAM 00000F
wr1RegCompleteHandler@p                                    cstackCOMRAM 00000F
wr2RegCompleteHandler@i2c1_master_example$F197@ptr         cstackCOMRAM 00000F
wr2RegCompleteHandler@p                                    cstackCOMRAM 00000F
wtemp8                                                     temp         00005B
xtoa@c                                                     cstackCOMRAM 000048
xtoa@d                                                     cstackCOMRAM 000025
xtoa@fp                                                    cstackCOMRAM 000023
xtoa@i                                                     cstackCOMRAM 000046
xtoa@n                                                     cstackCOMRAM 00003E
xtoa@p                                                     cstackCOMRAM 00003A
xtoa@w                                                     cstackCOMRAM 00003C
xtoa@x                                                     cstackCOMRAM 00002D


MODULE INFORMATION

Module		Function		Class		Link	Load	Size
mcc_generated_files/examples/i2c1_master_example.c
		_rdBlkRegCompleteHandler@i2c1_master_example$F208		CODE           	21FA	0000	64
		_rd1RegCompleteHandler@i2c1_master_example$F174		CODE           	23B4	0000	44
		_rd2RegCompleteHandler@i2c1_master_example$F185		CODE           	2388	0000	44
		_wr1RegCompleteHandler@i2c1_master_example$F191		CODE           	235C	0000	44
		_wr2RegCompleteHandler@i2c1_master_example$F197		CODE           	2490	0000	44

mcc_generated_files/examples/i2c1_master_example.c estimated size: 240

C:\Program Files\Microchip\xc8\v2.32\pic\sources\c99\common\doprnt.c
		_vfpfcnvrt     		CODE           	110C	0000	476
		_pad           		CODE           	1746	0000	198
		_vfprintf      		CODE           	1ECE	0000	100
		_xtoa          		CODE           	0E32	0000	730

C:\Program Files\Microchip\xc8\v2.32\pic\sources\c99\common\doprnt.c estimated size: 1504

mcc_generated_files/i2c1_master.c
		_I2C1_DO_SEND_RESTART		CODE           	276A	0000	8
		_I2C1_DO_TX_EMPTY		CODE           	1D02	0000	124
		_I2C1_DO_SEND_RESTART_READ		CODE           	277A	0000	8
		_I2C1_CallbackReturnStop		CODE           	27C4	0000	4
		_I2C1_MasterRead		CODE           	2742	0000	8
		_I2C1_DO_RX    		CODE           	198E	0000	166
		_I2C1_DO_TX    		CODE           	180C	0000	196
		_I2C1_SetAddressNackCallback		CODE           	25F0	0000	24
		_I2C1_DO_IDLE  		CODE           	26E2	0000	12
		_I2C1_MasterOpen		CODE           	255E	0000	34
		_I2C1_DO_RCEN  		CODE           	26D6	0000	12
		_I2C1_MasterSendTxData		CODE           	2782	0000	8
		_I2C1_MasterStop		CODE           	27C8	0000	4
		_I2C1_CallbackReturnReset		CODE           	27C0	0000	4
		_I2C1_DO_RESET 		CODE           	26CA	0000	12
		_I2C1_MasterStartRx		CODE           	27BC	0000	4
		_I2C1_Poller   		CODE           	259E	0000	30
		_I2C1_DO_RX_ACK		CODE           	275A	0000	8
		_I2C1_MasterWaitForEvent		CODE           	2674	0000	18
		_I2C1_MasterSendNack		CODE           	2796	0000	6
		_I2C1_DO_RX_NACK_RESTART		CODE           	274A	0000	8
		_I2C1_MasterDisableIrq		CODE           	279C	0000	6
		_I2C1_MasterOperation		CODE           	2172	0000	68
		_I2C1_SetCallback		CODE           	1D7E	0000	122
		_I2C1_MasterEnableRestart		CODE           	27CC	0000	4
		_I2C1_Open     		CODE           	1BF8	0000	142
		_I2C1_DO_ADDRESS_NACK		CODE           	1E68	0000	102
		_I2C1_SetBuffer		CODE           	253A	0000	36
		_I2C1_DO_SEND_RESTART_WRITE		CODE           	2772	0000	8
		_I2C1_MasterClose		CODE           	27D4	0000	4
		_I2C1_MasterWrite		CODE           	273A	0000	8
		_I2C1_Initialize		CODE           	264C	0000	20
		_I2C1_Close    		CODE           	24BC	0000	44
		_I2C1_MasterIsNack		CODE           	2660	0000	20
		_I2C1_MasterStart		CODE           	27D0	0000	4
		_I2C1_DO_SEND_ADR_WRITE		CODE           	26AA	0000	16
		_I2C1_MasterClearIrq		CODE           	27A2	0000	6
		_I2C1_SetDataCompleteCallback		CODE           	2608	0000	24
		_I2C1_DO_SEND_STOP		CODE           	2762	0000	8
		_I2C1_MasterSendAck		CODE           	2790	0000	6
		_I2C1_MasterFsm		CODE           	1DF8	0000	112
		_I2C1_MasterGetRxData		CODE           	27B8	0000	4
		_I2C1_MasterSetIrq		CODE           	278A	0000	6
		_I2C1_DO_SEND_ADR_READ		CODE           	26BA	0000	16
		_I2C1_DO_RX_NACK_STOP		CODE           	2752	0000	8

mcc_generated_files/i2c1_master.c estimated size: 1492

mcc_generated_files/interrupt_manager.c
		_INTERRUPT_Initialize		CODE           	27B4	0000	4
		_INTERRUPT_InterruptManager		CODE           	0008	0000	170

mcc_generated_files/interrupt_manager.c estimated size: 174

mcc_generated_files/tmr0.c
		_TMR0_Reload   		CODE           	2732	0000	8
		_TMR0_WriteTimer		CODE           	272A	0000	8
		_TMR0_HasOverflowOccured		CODE           	2620	0000	22
		_TMR0_Initialize		CODE           	2636	0000	22

mcc_generated_files/tmr0.c estimated size: 60

mcc_generated_files/pin_manager.c
		_PIN_MANAGER_Initialize		CODE           	1B68	0000	144

mcc_generated_files/pin_manager.c estimated size: 144

C:\Program Files\Microchip\xc8\v2.32\pic\sources\c99\common\nf_fputs.c
		_fputs         		CODE           	212E	0000	68

C:\Program Files\Microchip\xc8\v2.32\pic\sources\c99\common\nf_fputs.c estimated size: 68

C:\Program Files\Microchip\xc8\v2.32\pic\sources\c99\common\isupper.c
		_isupper       		CODE           	22EE	0000	56

C:\Program Files\Microchip\xc8\v2.32\pic\sources\c99\common\isupper.c estimated size: 56

mcc_generated_files/drivers/i2c_simple_master.c
		_i2c_readNBytes		CODE           	20E8	0000	70
		_wr1RegCompleteHandler		CODE           	2464	0000	44
		_wr2RegCompleteHandler		CODE           	23E0	0000	44
		_i2c_writeNBytes		CODE           	1FEE	0000	90
		_rdBlkRegCompleteHandler		CODE           	223A	0000	64
		_rd1RegCompleteHandler		CODE           	2438	0000	44
		_rd2RegCompleteHandler		CODE           	240C	0000	44

mcc_generated_files/drivers/i2c_simple_master.c estimated size: 400

C:\Program Files\Microchip\xc8\v2.32\pic\sources\c99\common\islower.c
		_islower       		CODE           	22B6	0000	56

C:\Program Files\Microchip\xc8\v2.32\pic\sources\c99\common\islower.c estimated size: 56

shared
		__initialization		CODE           	209C	0000	66
		_i2c1_fsmStateTable		MEDIUMCONST    	FECB	0000	32

shared estimated size: 98

mcc_generated_files/eusart1.c
		_EUSART1_SetRxInterruptHandler		CODE           	26F8	0000	10
		_EUSART1_SetTxInterruptHandler		CODE           	26EE	0000	10
		_EUSART1_Initialize		CODE           	1C86	0000	124
		_putch         		CODE           	2720	0000	10
		_EUSART1_DefaultErrorHandler		CODE           	27AE	0000	6
		_EUSART1_SetFramingErrorHandler		CODE           	270C	0000	10
		_EUSART1_Read  		CODE           	2048	0000	84
		_EUSART1_SetOverrunErrorHandler		CODE           	2702	0000	10
		_EUSART1_SetErrorHandler		CODE           	2716	0000	10
		_EUSART1_Write 		CODE           	1F90	0000	94
		_EUSART1_Receive_ISR		CODE           	18D0	0000	190
		_EUSART1_RxDataHandler		CODE           	24E8	0000	42
		_EUSART1_DefaultOverrunErrorHandler		CODE           	27A8	0000	6
		_EUSART1_Transmit_ISR		CODE           	21B6	0000	68
		_EUSART1_DefaultFramingErrorHandler		CODE           	27D8	0000	2

mcc_generated_files/eusart1.c estimated size: 676

mcc_generated_files/mcc.c
		_PMD_Initialize		CODE           	25BC	0000	28
		_OSCILLATOR_Initialize		CODE           	25D8	0000	24
		_SYSTEM_Initialize		CODE           	2580	0000	30

mcc_generated_files/mcc.c estimated size: 82

Maquina_RX.c
		_Funcion_RB    		CODE           	1A34	0000	158
		_Funcion_WB    		CODE           	166C	0000	218
		_Funcion_RS    		CODE           	14A0	0000	238
		_Funcion_WS    		CODE           	158E	0000	222
		_Maquina_RE    		CODE           	00B6	0000	3452

Maquina_RX.c estimated size: 4288

C:\Program Files\Microchip\xc8\v2.32\pic\sources\c99\common\toupper.c
		_toupper       		CODE           	1F32	0000	94

C:\Program Files\Microchip\xc8\v2.32\pic\sources\c99\common\toupper.c estimated size: 94

C:\Program Files\Microchip\xc8\v2.32\pic\sources\c99\common\isalpha.c
		_isalpha       		CODE           	227A	0000	60

C:\Program Files\Microchip\xc8\v2.32\pic\sources\c99\common\isalpha.c estimated size: 60

C:\Program Files\Microchip\xc8\v2.32\pic\sources\c99\common\printf.c
		_printf        		CODE           	2512	0000	40

C:\Program Files\Microchip\xc8\v2.32\pic\sources\c99\common\printf.c estimated size: 40

C:\Program Files\Microchip\xc8\v2.32\pic\sources\c99\common\nf_fputc.c
		_fputc         		CODE           	1AD2	0000	150

C:\Program Files\Microchip\xc8\v2.32\pic\sources\c99\common\nf_fputc.c estimated size: 150

main.c
		_Interrupcion_Rx_Serial		CODE           	2686	0000	18
		_main          		CODE           	12E8	0000	440

main.c estimated size: 458

C:\Program Files\Microchip\xc8\v2.32\pic\sources\c99\common\strlen.c
		_strlen        		CODE           	2326	0000	54

C:\Program Files\Microchip\xc8\v2.32\pic\sources\c99\common\strlen.c estimated size: 54

